Cocci_immitis_RS_CIMG_04613	324	scaffold_2	100.000	70	0	0	255	324	2243935	2244144	1.48e-86	143
Cocci_immitis_RS_CIMG_04613	324	scaffold_2	95.745	47	2	0	208	254	2243739	2243879	1.48e-86	73.2
Cocci_immitis_RS_CIMG_04613	324	scaffold_2	95.745	47	2	0	114	160	2243346	2243486	1.48e-86	68.9
Cocci_immitis_RS_CIMG_04613	324	scaffold_2	93.617	47	3	0	161	207	2243543	2243683	1.48e-86	68.6
Cocci_immitis_RS_CIMG_04613	324	scaffold_2	78.261	46	5	2	73	113	2243152	2243289	1.48e-86	46.6
Cocci_immitis_RS_CIMG_04613	324	scaffold_2	64.602	113	10	2	1	83	2242608	2242946	3.50e-73	130
Cocci_immitis_RS_CIMG_04613	324	scaffold_2	100.000	47	0	0	161	207	2243149	2243289	3.50e-73	75.1
Cocci_immitis_RS_CIMG_04613	324	scaffold_2	49.138	116	54	2	208	321	2243346	2243684	3.50e-73	70.5
Cocci_immitis_RS_CIMG_04613	324	scaffold_2	85.417	48	3	1	113	160	2242961	2243092	3.50e-73	59.3
Cocci_immitis_RS_CIMG_04613	324	scaffold_2	97.872	47	1	0	114	160	2243149	2243289	8.01e-53	73.9
Cocci_immitis_RS_CIMG_04613	324	scaffold_2	93.617	47	3	0	208	254	2243543	2243683	8.01e-53	68.6
Cocci_immitis_RS_CIMG_04613	324	scaffold_2	93.617	47	3	0	161	207	2243346	2243486	8.01e-53	67.4
Cocci_immitis_RS_CIMG_04613	324	scaffold_2	69.492	59	17	1	56	113	2242916	2243092	8.01e-53	56.6
Cocci_immitis_RS_CIMG_04613	324	scaffold_2	95.745	47	2	0	161	207	2243739	2243879	1.78e-38	73.2
Cocci_immitis_RS_CIMG_04613	324	scaffold_2	95.745	47	2	0	114	160	2243543	2243683	1.78e-38	70.1
Cocci_immitis_RS_CIMG_04613	324	scaffold_2	84.783	46	2	2	73	113	2243349	2243486	1.78e-38	54.7
Cocci_immitis_RS_CIMG_04613	324	scaffold_2	51.724	116	51	2	208	321	2243149	2243487	2.39e-26	79.0
Cocci_immitis_RS_CIMG_04613	324	scaffold_2	83.333	48	4	1	160	207	2242961	2243092	2.39e-26	58.2
Cocci_immitis_RS_CIMG_04613	324	scaffold_2	97.872	47	1	0	114	160	2243739	2243879	4.09e-24	74.7
Cocci_immitis_RS_CIMG_04613	324	scaffold_2	84.783	46	2	2	73	113	2243546	2243683	4.09e-24	54.7
Cocci_immitis_RS_CIMG_04613	324	scaffold_2	44.538	119	55	4	207	321	2242961	2243296	9.67e-10	59.7
Cocci_immitis_RS_CIMG_04613	324	scaffold_2	78.261	46	5	2	73	113	2243742	2243879	8.98e-06	47.4
COCCIDIOIDES_IMMITIS_CIB10637_003943	371	scaffold_2	100.000	70	0	0	302	371	2243935	2244144	1.31e-104	144
COCCIDIOIDES_IMMITIS_CIB10637_003943	371	scaffold_2	97.872	47	1	0	114	160	2243149	2243289	1.31e-104	73.6
COCCIDIOIDES_IMMITIS_CIB10637_003943	371	scaffold_2	95.745	47	2	0	255	301	2243739	2243879	1.31e-104	73.2
COCCIDIOIDES_IMMITIS_CIB10637_003943	371	scaffold_2	93.617	47	3	0	208	254	2243543	2243683	1.31e-104	68.2
COCCIDIOIDES_IMMITIS_CIB10637_003943	371	scaffold_2	93.617	47	3	0	161	207	2243346	2243486	1.31e-104	67.4
COCCIDIOIDES_IMMITIS_CIB10637_003943	371	scaffold_2	69.492	59	17	1	56	113	2242916	2243092	1.31e-104	57.0
COCCIDIOIDES_IMMITIS_CIB10637_003943	371	scaffold_2	64.602	113	10	2	1	83	2242608	2242946	3.45e-86	130
COCCIDIOIDES_IMMITIS_CIB10637_003943	371	scaffold_2	100.000	47	0	0	161	207	2243149	2243289	3.45e-86	75.1
COCCIDIOIDES_IMMITIS_CIB10637_003943	371	scaffold_2	93.617	47	3	0	255	301	2243543	2243683	3.45e-86	68.2
COCCIDIOIDES_IMMITIS_CIB10637_003943	371	scaffold_2	93.617	47	3	0	208	254	2243346	2243486	3.45e-86	67.4
COCCIDIOIDES_IMMITIS_CIB10637_003943	371	scaffold_2	85.417	48	3	1	113	160	2242961	2243092	3.45e-86	58.9
COCCIDIOIDES_IMMITIS_CIB10637_003943	371	scaffold_2	95.745	47	2	0	208	254	2243739	2243879	1.44e-49	73.2
COCCIDIOIDES_IMMITIS_CIB10637_003943	371	scaffold_2	95.745	47	2	0	114	160	2243346	2243486	1.44e-49	68.6
COCCIDIOIDES_IMMITIS_CIB10637_003943	371	scaffold_2	93.617	47	3	0	161	207	2243543	2243683	1.44e-49	68.2
COCCIDIOIDES_IMMITIS_CIB10637_003943	371	scaffold_2	78.261	46	5	2	73	113	2243152	2243289	1.44e-49	46.2
COCCIDIOIDES_IMMITIS_CIB10637_003943	371	scaffold_2	100.000	47	0	0	208	254	2243149	2243289	4.20e-40	75.1
COCCIDIOIDES_IMMITIS_CIB10637_003943	371	scaffold_2	49.138	116	54	2	255	368	2243346	2243684	4.20e-40	71.2
COCCIDIOIDES_IMMITIS_CIB10637_003943	371	scaffold_2	83.333	48	4	1	160	207	2242961	2243092	4.20e-40	57.8
COCCIDIOIDES_IMMITIS_CIB10637_003943	371	scaffold_2	95.745	47	2	0	161	207	2243739	2243879	4.31e-38	73.2
COCCIDIOIDES_IMMITIS_CIB10637_003943	371	scaffold_2	95.745	47	2	0	114	160	2243543	2243683	4.31e-38	69.7
COCCIDIOIDES_IMMITIS_CIB10637_003943	371	scaffold_2	84.783	46	2	2	73	113	2243349	2243486	4.31e-38	54.3
COCCIDIOIDES_IMMITIS_CIB10637_003943	371	scaffold_2	51.724	116	51	2	255	368	2243149	2243487	2.16e-26	79.7
COCCIDIOIDES_IMMITIS_CIB10637_003943	371	scaffold_2	83.333	48	4	1	207	254	2242961	2243092	2.16e-26	57.8
COCCIDIOIDES_IMMITIS_CIB10637_003943	371	scaffold_2	97.872	47	1	0	114	160	2243739	2243879	7.47e-24	74.3
COCCIDIOIDES_IMMITIS_CIB10637_003943	371	scaffold_2	84.783	46	2	2	73	113	2243546	2243683	7.47e-24	54.3
COCCIDIOIDES_IMMITIS_CIB10637_003943	371	scaffold_2	44.538	119	55	4	254	368	2242961	2243296	8.58e-10	60.5
COCCIDIOIDES_IMMITIS_CIB10992_003451	371	scaffold_2	100.000	70	0	0	302	371	2243935	2244144	1.31e-104	144
COCCIDIOIDES_IMMITIS_CIB10992_003451	371	scaffold_2	97.872	47	1	0	114	160	2243149	2243289	1.31e-104	73.6
COCCIDIOIDES_IMMITIS_CIB10992_003451	371	scaffold_2	95.745	47	2	0	255	301	2243739	2243879	1.31e-104	73.2
COCCIDIOIDES_IMMITIS_CIB10992_003451	371	scaffold_2	93.617	47	3	0	208	254	2243543	2243683	1.31e-104	68.2
COCCIDIOIDES_IMMITIS_CIB10992_003451	371	scaffold_2	93.617	47	3	0	161	207	2243346	2243486	1.31e-104	67.4
COCCIDIOIDES_IMMITIS_CIB10992_003451	371	scaffold_2	69.492	59	17	1	56	113	2242916	2243092	1.31e-104	57.0
COCCIDIOIDES_IMMITIS_CIB10992_003451	371	scaffold_2	64.602	113	10	2	1	83	2242608	2242946	3.45e-86	130
COCCIDIOIDES_IMMITIS_CIB10992_003451	371	scaffold_2	100.000	47	0	0	161	207	2243149	2243289	3.45e-86	75.1
COCCIDIOIDES_IMMITIS_CIB10992_003451	371	scaffold_2	93.617	47	3	0	255	301	2243543	2243683	3.45e-86	68.2
COCCIDIOIDES_IMMITIS_CIB10992_003451	371	scaffold_2	93.617	47	3	0	208	254	2243346	2243486	3.45e-86	67.4
COCCIDIOIDES_IMMITIS_CIB10992_003451	371	scaffold_2	85.417	48	3	1	113	160	2242961	2243092	3.45e-86	58.9
COCCIDIOIDES_IMMITIS_CIB10992_003451	371	scaffold_2	95.745	47	2	0	208	254	2243739	2243879	1.44e-49	73.2
COCCIDIOIDES_IMMITIS_CIB10992_003451	371	scaffold_2	95.745	47	2	0	114	160	2243346	2243486	1.44e-49	68.6
COCCIDIOIDES_IMMITIS_CIB10992_003451	371	scaffold_2	93.617	47	3	0	161	207	2243543	2243683	1.44e-49	68.2
COCCIDIOIDES_IMMITIS_CIB10992_003451	371	scaffold_2	78.261	46	5	2	73	113	2243152	2243289	1.44e-49	46.2
COCCIDIOIDES_IMMITIS_CIB10992_003451	371	scaffold_2	100.000	47	0	0	208	254	2243149	2243289	4.20e-40	75.1
COCCIDIOIDES_IMMITIS_CIB10992_003451	371	scaffold_2	49.138	116	54	2	255	368	2243346	2243684	4.20e-40	71.2
COCCIDIOIDES_IMMITIS_CIB10992_003451	371	scaffold_2	83.333	48	4	1	160	207	2242961	2243092	4.20e-40	57.8
COCCIDIOIDES_IMMITIS_CIB10992_003451	371	scaffold_2	95.745	47	2	0	161	207	2243739	2243879	4.31e-38	73.2
COCCIDIOIDES_IMMITIS_CIB10992_003451	371	scaffold_2	95.745	47	2	0	114	160	2243543	2243683	4.31e-38	69.7
COCCIDIOIDES_IMMITIS_CIB10992_003451	371	scaffold_2	84.783	46	2	2	73	113	2243349	2243486	4.31e-38	54.3
COCCIDIOIDES_IMMITIS_CIB10992_003451	371	scaffold_2	51.724	116	51	2	255	368	2243149	2243487	2.16e-26	79.7
COCCIDIOIDES_IMMITIS_CIB10992_003451	371	scaffold_2	83.333	48	4	1	207	254	2242961	2243092	2.16e-26	57.8
COCCIDIOIDES_IMMITIS_CIB10992_003451	371	scaffold_2	97.872	47	1	0	114	160	2243739	2243879	7.47e-24	74.3
COCCIDIOIDES_IMMITIS_CIB10992_003451	371	scaffold_2	84.783	46	2	2	73	113	2243546	2243683	7.47e-24	54.3
COCCIDIOIDES_IMMITIS_CIB10992_003451	371	scaffold_2	44.538	119	55	4	254	368	2242961	2243296	8.58e-10	60.5
Coccidioides_posadasii_Silveira_QVM09276	328	scaffold_2	100.000	70	0	0	259	328	2243935	2244144	2.39e-91	143
Coccidioides_posadasii_Silveira_QVM09276	328	scaffold_2	100.000	47	0	0	165	211	2243543	2243683	2.39e-91	77.0
Coccidioides_posadasii_Silveira_QVM09276	328	scaffold_2	100.000	47	0	0	118	164	2243346	2243486	2.39e-91	75.9
Coccidioides_posadasii_Silveira_QVM09276	328	scaffold_2	95.745	47	2	0	212	258	2243739	2243879	2.39e-91	73.6
Coccidioides_posadasii_Silveira_QVM09276	328	scaffold_2	78.261	46	6	1	76	117	2243152	2243289	2.39e-91	48.1
Coccidioides_posadasii_Silveira_QVM09276	328	scaffold_2	68.142	113	9	1	1	86	2242608	2242946	8.36e-73	143
Coccidioides_posadasii_Silveira_QVM09276	328	scaffold_2	49.138	116	54	2	212	325	2243346	2243684	8.36e-73	70.5
Coccidioides_posadasii_Silveira_QVM09276	328	scaffold_2	93.617	47	3	0	165	211	2243149	2243289	8.36e-73	67.8
Coccidioides_posadasii_Silveira_QVM09276	328	scaffold_2	81.250	48	5	1	117	164	2242961	2243092	8.36e-73	52.8
Coccidioides_posadasii_Silveira_QVM09276	328	scaffold_2	100.000	47	0	0	165	211	2243346	2243486	1.06e-53	75.9
Coccidioides_posadasii_Silveira_QVM09276	328	scaffold_2	93.617	47	3	0	212	258	2243543	2243683	1.06e-53	68.9
Coccidioides_posadasii_Silveira_QVM09276	328	scaffold_2	93.617	47	3	0	118	164	2243149	2243289	1.06e-53	67.8
Coccidioides_posadasii_Silveira_QVM09276	328	scaffold_2	55.844	77	34	0	41	117	2242862	2243092	1.06e-53	57.8
Coccidioides_posadasii_Silveira_QVM09276	328	scaffold_2	100.000	47	0	0	118	164	2243543	2243683	2.28e-39	77.0
Coccidioides_posadasii_Silveira_QVM09276	328	scaffold_2	93.617	47	3	0	165	211	2243739	2243879	2.28e-39	68.2
Coccidioides_posadasii_Silveira_QVM09276	328	scaffold_2	84.783	46	3	1	76	117	2243349	2243486	2.28e-39	56.2
Coccidioides_posadasii_Silveira_QVM09276	328	scaffold_2	50.000	116	53	2	212	325	2243149	2243487	4.56e-24	76.3
Coccidioides_posadasii_Silveira_QVM09276	328	scaffold_2	81.250	48	5	1	164	211	2242961	2243092	4.56e-24	52.8
Coccidioides_posadasii_Silveira_QVM09276	328	scaffold_2	93.617	47	3	0	118	164	2243739	2243879	1.36e-22	68.2
Coccidioides_posadasii_Silveira_QVM09276	328	scaffold_2	84.783	46	3	1	76	117	2243546	2243683	1.36e-22	56.2
Coccidioides_posadasii_Silveira_QVM09276	328	scaffold_2	44.538	119	55	4	211	325	2242961	2243296	1.08e-09	59.7
Coccidioides_posadasii_Silveira_QVM09276	328	scaffold_2	78.261	46	6	1	76	117	2243742	2243879	3.37e-06	48.5
Coccidioides_posadasii_Silveira_QVM10648_trunc	117	scaffold_1	98.795	83	1	0	19	101	1124681	1124433	1.05e-49	168
SOWgp58_Cocci_immitis_published	328	scaffold_2	100.000	70	0	0	259	328	2243935	2244144	2.39e-91	143
SOWgp58_Cocci_immitis_published	328	scaffold_2	100.000	47	0	0	165	211	2243543	2243683	2.39e-91	77.0
SOWgp58_Cocci_immitis_published	328	scaffold_2	100.000	47	0	0	118	164	2243346	2243486	2.39e-91	75.9
SOWgp58_Cocci_immitis_published	328	scaffold_2	95.745	47	2	0	212	258	2243739	2243879	2.39e-91	73.6
SOWgp58_Cocci_immitis_published	328	scaffold_2	78.261	46	6	1	76	117	2243152	2243289	2.39e-91	48.1
SOWgp58_Cocci_immitis_published	328	scaffold_2	68.142	113	9	1	1	86	2242608	2242946	8.36e-73	143
SOWgp58_Cocci_immitis_published	328	scaffold_2	49.138	116	54	2	212	325	2243346	2243684	8.36e-73	70.5
SOWgp58_Cocci_immitis_published	328	scaffold_2	93.617	47	3	0	165	211	2243149	2243289	8.36e-73	67.8
SOWgp58_Cocci_immitis_published	328	scaffold_2	81.250	48	5	1	117	164	2242961	2243092	8.36e-73	52.8
SOWgp58_Cocci_immitis_published	328	scaffold_2	100.000	47	0	0	165	211	2243346	2243486	1.06e-53	75.9
SOWgp58_Cocci_immitis_published	328	scaffold_2	93.617	47	3	0	212	258	2243543	2243683	1.06e-53	68.9
SOWgp58_Cocci_immitis_published	328	scaffold_2	93.617	47	3	0	118	164	2243149	2243289	1.06e-53	67.8
SOWgp58_Cocci_immitis_published	328	scaffold_2	55.844	77	34	0	41	117	2242862	2243092	1.06e-53	57.8
SOWgp58_Cocci_immitis_published	328	scaffold_2	100.000	47	0	0	118	164	2243543	2243683	2.28e-39	77.0
SOWgp58_Cocci_immitis_published	328	scaffold_2	93.617	47	3	0	165	211	2243739	2243879	2.28e-39	68.2
SOWgp58_Cocci_immitis_published	328	scaffold_2	84.783	46	3	1	76	117	2243349	2243486	2.28e-39	56.2
SOWgp58_Cocci_immitis_published	328	scaffold_2	50.000	116	53	2	212	325	2243149	2243487	4.56e-24	76.3
SOWgp58_Cocci_immitis_published	328	scaffold_2	81.250	48	5	1	164	211	2242961	2243092	4.56e-24	52.8
SOWgp58_Cocci_immitis_published	328	scaffold_2	93.617	47	3	0	118	164	2243739	2243879	1.36e-22	68.2
SOWgp58_Cocci_immitis_published	328	scaffold_2	84.783	46	3	1	76	117	2243546	2243683	1.36e-22	56.2
SOWgp58_Cocci_immitis_published	328	scaffold_2	44.538	119	55	4	211	325	2242961	2243296	1.08e-09	59.7
SOWgp58_Cocci_immitis_published	328	scaffold_2	78.261	46	6	1	76	117	2243742	2243879	3.37e-06	48.5
SOWgp66_Cocci_immitis_published	375	scaffold_2	98.571	70	1	0	306	375	2243935	2244144	1.12e-110	142
SOWgp66_Cocci_immitis_published	375	scaffold_2	100.000	47	0	0	212	258	2243543	2243683	1.12e-110	76.3
SOWgp66_Cocci_immitis_published	375	scaffold_2	100.000	47	0	0	165	211	2243346	2243486	1.12e-110	75.5
SOWgp66_Cocci_immitis_published	375	scaffold_2	97.872	47	1	0	259	305	2243739	2243879	1.12e-110	74.7
SOWgp66_Cocci_immitis_published	375	scaffold_2	97.872	47	1	0	118	164	2243149	2243289	1.12e-110	73.9
SOWgp66_Cocci_immitis_published	375	scaffold_2	57.143	77	33	0	41	117	2242862	2243092	1.12e-110	60.8
SOWgp66_Cocci_immitis_published	375	scaffold_2	68.142	113	9	1	1	86	2242608	2242946	1.43e-90	143
SOWgp66_Cocci_immitis_published	375	scaffold_2	100.000	47	0	0	212	258	2243346	2243486	1.43e-90	75.5
SOWgp66_Cocci_immitis_published	375	scaffold_2	95.745	47	2	0	259	305	2243543	2243683	1.43e-90	69.7
SOWgp66_Cocci_immitis_published	375	scaffold_2	93.617	47	3	0	165	211	2243149	2243289	1.43e-90	67.4
SOWgp66_Cocci_immitis_published	375	scaffold_2	85.417	48	3	1	117	164	2242961	2243092	1.43e-90	59.3
SOWgp66_Cocci_immitis_published	375	scaffold_2	100.000	47	0	0	165	211	2243543	2243683	8.07e-52	76.3
SOWgp66_Cocci_immitis_published	375	scaffold_2	95.745	47	2	0	118	164	2243346	2243486	8.07e-52	68.9
SOWgp66_Cocci_immitis_published	375	scaffold_2	93.617	47	3	0	212	258	2243739	2243879	8.07e-52	68.2
SOWgp66_Cocci_immitis_published	375	scaffold_2	80.435	46	5	1	76	117	2243152	2243289	8.07e-52	50.4
SOWgp66_Cocci_immitis_published	375	scaffold_2	95.745	47	2	0	118	164	2243543	2243683	6.11e-38	69.7
SOWgp66_Cocci_immitis_published	375	scaffold_2	93.617	47	3	0	165	211	2243739	2243879	6.11e-38	68.2
SOWgp66_Cocci_immitis_published	375	scaffold_2	86.957	46	2	1	76	117	2243349	2243486	6.11e-38	58.9
SOWgp66_Cocci_immitis_published	375	scaffold_2	46.774	124	45	3	259	372	2243346	2243684	6.98e-37	73.2
SOWgp66_Cocci_immitis_published	375	scaffold_2	93.617	47	3	0	212	258	2243149	2243289	6.98e-37	67.4
SOWgp66_Cocci_immitis_published	375	scaffold_2	81.250	48	5	1	164	211	2242961	2243092	6.98e-37	52.8
SOWgp66_Cocci_immitis_published	375	scaffold_2	97.872	47	1	0	118	164	2243739	2243879	3.29e-25	74.7
SOWgp66_Cocci_immitis_published	375	scaffold_2	86.957	46	2	1	76	117	2243546	2243683	3.29e-25	58.9
SOWgp66_Cocci_immitis_published	375	scaffold_2	50.862	116	52	2	259	372	2243149	2243487	2.42e-24	77.8
SOWgp66_Cocci_immitis_published	375	scaffold_2	81.250	48	5	1	211	258	2242961	2243092	2.42e-24	52.8
SOWgp66_Cocci_immitis_published	375	scaffold_2	45.378	119	54	4	258	372	2242961	2243296	4.53e-10	61.2
SOWgp66_Cocci_immitis_published	375	scaffold_2	80.435	46	5	1	76	117	2243742	2243879	7.11e-07	51.2
SOWgp82_Cocci_posadasii_published	422	scaffold_2	100.000	70	0	0	353	422	2243935	2244144	1.05e-138	144
SOWgp82_Cocci_posadasii_published	422	scaffold_2	68.142	113	9	1	1	86	2242608	2242946	1.05e-138	143
SOWgp82_Cocci_posadasii_published	422	scaffold_2	95.745	47	2	0	259	305	2243543	2243683	1.05e-138	74.7
SOWgp82_Cocci_posadasii_published	422	scaffold_2	95.745	47	2	0	306	352	2243739	2243879	1.05e-138	73.2
SOWgp82_Cocci_posadasii_published	422	scaffold_2	93.617	47	3	0	165	211	2243149	2243289	1.05e-138	67.0
SOWgp82_Cocci_posadasii_published	422	scaffold_2	93.617	47	3	0	212	258	2243346	2243486	1.05e-138	65.5
SOWgp82_Cocci_posadasii_published	422	scaffold_2	79.167	48	6	1	117	164	2242961	2243092	1.05e-138	51.2
SOWgp82_Cocci_posadasii_published	422	scaffold_2	95.745	47	2	0	165	211	2243346	2243486	9.68e-65	72.4
SOWgp82_Cocci_posadasii_published	422	scaffold_2	89.362	47	5	0	259	305	2243739	2243879	9.68e-65	66.2
SOWgp82_Cocci_posadasii_published	422	scaffold_2	91.489	47	4	0	118	164	2243149	2243289	9.68e-65	65.9
SOWgp82_Cocci_posadasii_published	422	scaffold_2	93.617	47	3	0	212	258	2243543	2243683	9.68e-65	65.5
SOWgp82_Cocci_posadasii_published	422	scaffold_2	55.844	77	34	0	41	117	2242862	2243092	9.68e-65	58.2
SOWgp82_Cocci_posadasii_published	422	scaffold_2	97.872	47	1	0	118	164	2243346	2243486	2.23e-52	73.6
SOWgp82_Cocci_posadasii_published	422	scaffold_2	95.745	47	2	0	165	211	2243543	2243683	2.23e-52	73.6
SOWgp82_Cocci_posadasii_published	422	scaffold_2	95.745	47	2	0	212	258	2243739	2243879	2.23e-52	71.2
SOWgp82_Cocci_posadasii_published	422	scaffold_2	78.261	46	6	1	76	117	2243152	2243289	2.23e-52	47.8
SOWgp82_Cocci_posadasii_published	422	scaffold_2	95.745	47	2	0	259	305	2243346	2243486	2.60e-51	73.6
SOWgp82_Cocci_posadasii_published	422	scaffold_2	95.745	47	2	0	212	258	2243149	2243289	2.60e-51	70.5
SOWgp82_Cocci_posadasii_published	422	scaffold_2	93.617	47	3	0	306	352	2243543	2243683	2.60e-51	68.2
SOWgp82_Cocci_posadasii_published	422	scaffold_2	77.083	48	7	1	164	211	2242961	2243092	2.60e-51	49.7
SOWgp82_Cocci_posadasii_published	422	scaffold_2	97.872	47	1	0	118	164	2243543	2243683	1.41e-37	75.1
SOWgp82_Cocci_posadasii_published	422	scaffold_2	89.362	47	5	0	165	211	2243739	2243879	1.41e-37	65.1
SOWgp82_Cocci_posadasii_published	422	scaffold_2	84.783	46	3	1	76	117	2243349	2243486	1.41e-37	55.8
SOWgp82_Cocci_posadasii_published	422	scaffold_2	49.138	116	54	2	306	419	2243346	2243684	5.56e-37	72.0
SOWgp82_Cocci_posadasii_published	422	scaffold_2	89.362	47	5	0	259	305	2243149	2243289	5.56e-37	65.9
SOWgp82_Cocci_posadasii_published	422	scaffold_2	83.333	48	4	1	211	258	2242961	2243092	5.56e-37	55.8
SOWgp82_Cocci_posadasii_published	422	scaffold_2	50.000	116	53	2	306	419	2243149	2243487	9.56e-24	77.8
SOWgp82_Cocci_posadasii_published	422	scaffold_2	77.083	48	7	1	258	305	2242961	2243092	9.56e-24	51.2
SOWgp82_Cocci_posadasii_published	422	scaffold_2	91.489	47	4	0	118	164	2243739	2243879	8.84e-22	66.2
SOWgp82_Cocci_posadasii_published	422	scaffold_2	84.783	46	3	1	76	117	2243546	2243683	8.84e-22	55.8
SOWgp82_Cocci_posadasii_published	422	scaffold_2	44.538	119	55	4	305	419	2242961	2243296	8.43e-10	60.8
SOWgp82_Cocci_posadasii_published	422	scaffold_2	78.261	46	6	1	76	117	2243742	2243879	7.93e-06	48.1
