Cocci_immitis_RS_CIMG_04613	scaffold_2	100.000	62	0	0	263	324	4654894	4655079	7.56e-33	129
Cocci_immitis_RS_CIMG_04613	scaffold_2	92.308	39	0	1	37	72	4654322	4654438	1.23e-22	73.6
Cocci_immitis_RS_CIMG_04613	scaffold_2	100.000	17	0	0	20	36	4654191	4654241	1.23e-22	40.8
Cocci_immitis_RS_CIMG_04613	scaffold_2	100.000	13	0	0	73	85	4654492	4654530	1.23e-22	30.0
COCCIDIOIDES_IMMITIS_CIB10637_003943	scaffold_2	100.000	62	0	0	310	371	4654894	4655079	1.25e-32	129
COCCIDIOIDES_IMMITIS_CIB10637_003943	scaffold_2	92.308	39	0	1	37	72	4654322	4654438	1.07e-22	73.9
COCCIDIOIDES_IMMITIS_CIB10637_003943	scaffold_2	100.000	17	0	0	20	36	4654191	4654241	1.07e-22	41.2
COCCIDIOIDES_IMMITIS_CIB10637_003943	scaffold_2	100.000	13	0	0	73	85	4654492	4654530	1.07e-22	29.6
COCCIDIOIDES_IMMITIS_CIB10992_003451	scaffold_2	100.000	62	0	0	310	371	4654894	4655079	1.25e-32	129
COCCIDIOIDES_IMMITIS_CIB10992_003451	scaffold_2	92.308	39	0	1	37	72	4654322	4654438	1.07e-22	73.9
COCCIDIOIDES_IMMITIS_CIB10992_003451	scaffold_2	100.000	17	0	0	20	36	4654191	4654241	1.07e-22	41.2
COCCIDIOIDES_IMMITIS_CIB10992_003451	scaffold_2	100.000	13	0	0	73	85	4654492	4654530	1.07e-22	29.6
Coccidioides_posadasii_Silveira_QVM09276	scaffold_2	100.000	62	0	0	267	328	4654894	4655079	1.07e-32	128
Coccidioides_posadasii_Silveira_QVM09276	scaffold_2	100.000	39	0	0	37	75	4654322	4654438	4.54e-25	84.3
Coccidioides_posadasii_Silveira_QVM09276	scaffold_2	100.000	17	0	0	20	36	4654191	4654241	4.54e-25	40.8
Coccidioides_posadasii_Silveira_QVM09276	scaffold_2	92.308	13	1	0	76	88	4654492	4654530	4.54e-25	27.3
Coccidioides_posadasii_Silveira_QVM10648_trunc	scaffold_1	100.000	83	0	0	19	101	6751792	6752040	1.97e-50	170
SOWgp58_Cocci_immitis_published	scaffold_2	100.000	62	0	0	267	328	4654894	4655079	1.07e-32	128
SOWgp58_Cocci_immitis_published	scaffold_2	100.000	39	0	0	37	75	4654322	4654438	4.54e-25	84.3
SOWgp58_Cocci_immitis_published	scaffold_2	100.000	17	0	0	20	36	4654191	4654241	4.54e-25	40.8
SOWgp58_Cocci_immitis_published	scaffold_2	92.308	13	1	0	76	88	4654492	4654530	4.54e-25	27.3
SOWgp66_Cocci_immitis_published	scaffold_2	98.387	62	1	0	314	375	4654894	4655079	5.09e-32	127
SOWgp66_Cocci_immitis_published	scaffold_2	100.000	39	0	0	37	75	4654322	4654438	7.03e-26	84.7
SOWgp66_Cocci_immitis_published	scaffold_2	100.000	17	0	0	20	36	4654191	4654241	7.03e-26	41.2
SOWgp66_Cocci_immitis_published	scaffold_2	100.000	13	0	0	76	88	4654492	4654530	7.03e-26	29.6
SOWgp82_Cocci_posadasii_published	scaffold_2	100.000	62	0	0	361	422	4654894	4655079	3.15e-32	129
SOWgp82_Cocci_posadasii_published	scaffold_2	100.000	39	0	0	37	75	4654322	4654438	5.57e-25	85.1
SOWgp82_Cocci_posadasii_published	scaffold_2	100.000	17	0	0	20	36	4654191	4654241	5.57e-25	41.2
SOWgp82_Cocci_posadasii_published	scaffold_2	92.308	13	1	0	76	88	4654492	4654530	5.57e-25	26.6
