Cocci_immitis_RS_CIMG_04613	324	scaffold_2	98.571	70	1	0	255	324	4406522	4406731	2.07e-86	142
Cocci_immitis_RS_CIMG_04613	324	scaffold_2	97.872	47	1	0	208	254	4406326	4406466	2.07e-86	74.3
Cocci_immitis_RS_CIMG_04613	324	scaffold_2	95.745	47	2	0	114	160	4405936	4406076	2.07e-86	68.9
Cocci_immitis_RS_CIMG_04613	324	scaffold_2	93.617	47	3	0	161	207	4406130	4406270	2.07e-86	67.4
Cocci_immitis_RS_CIMG_04613	324	scaffold_2	80.435	46	4	2	73	113	4405742	4405879	2.07e-86	48.1
Cocci_immitis_RS_CIMG_04613	324	scaffold_2	97.872	47	1	0	161	207	4405739	4405879	4.26e-63	74.3
Cocci_immitis_RS_CIMG_04613	324	scaffold_2	76.000	50	9	1	37	83	4405387	4405536	4.26e-63	70.9
Cocci_immitis_RS_CIMG_04613	324	scaffold_2	49.565	115	54	2	208	321	4405936	4406271	4.26e-63	69.7
Cocci_immitis_RS_CIMG_04613	324	scaffold_2	97.222	36	1	0	1	36	4405199	4405306	4.26e-63	55.1
Cocci_immitis_RS_CIMG_04613	324	scaffold_2	81.250	48	5	1	113	160	4405551	4405682	4.26e-63	52.8
Cocci_immitis_RS_CIMG_04613	324	scaffold_2	100.000	47	0	0	114	160	4405739	4405879	9.22e-55	75.5
Cocci_immitis_RS_CIMG_04613	324	scaffold_2	93.617	47	3	0	161	207	4405936	4406076	9.22e-55	67.4
Cocci_immitis_RS_CIMG_04613	324	scaffold_2	93.617	47	3	0	208	254	4406130	4406270	9.22e-55	67.4
Cocci_immitis_RS_CIMG_04613	324	scaffold_2	72.881	59	15	1	56	113	4405506	4405682	9.22e-55	63.2
Cocci_immitis_RS_CIMG_04613	324	scaffold_2	97.872	47	1	0	161	207	4406326	4406466	3.10e-38	74.3
Cocci_immitis_RS_CIMG_04613	324	scaffold_2	95.745	47	2	0	114	160	4406130	4406270	3.10e-38	68.9
Cocci_immitis_RS_CIMG_04613	324	scaffold_2	84.783	46	2	2	73	113	4405939	4406076	3.10e-38	54.7
Cocci_immitis_RS_CIMG_04613	324	scaffold_2	100.000	47	0	0	114	160	4406326	4406466	3.39e-24	75.5
Cocci_immitis_RS_CIMG_04613	324	scaffold_2	84.783	46	2	2	73	113	4406133	4406270	3.39e-24	54.7
Cocci_immitis_RS_CIMG_04613	324	scaffold_2	50.862	116	52	2	208	321	4405739	4406077	9.16e-24	77.4
Cocci_immitis_RS_CIMG_04613	324	scaffold_2	79.167	48	6	1	160	207	4405551	4405682	9.16e-24	51.6
Cocci_immitis_RS_CIMG_04613	324	scaffold_2	79.167	48	6	1	207	254	4405551	4405682	5.97e-07	51.6
Cocci_immitis_RS_CIMG_04613	324	scaffold_2	80.435	46	4	2	73	113	4406329	4406466	7.26e-06	48.1
Cocci_immitis_RS_CIMG_04613	324	scaffold_84	50.847	118	51	3	208	321	37794	38138	3.14e-69	76.6
Cocci_immitis_RS_CIMG_04613	324	scaffold_84	80.851	47	9	0	37	83	37257	37397	3.14e-69	75.9
Cocci_immitis_RS_CIMG_04613	324	scaffold_84	97.872	47	1	0	161	207	37597	37737	3.14e-69	74.3
Cocci_immitis_RS_CIMG_04613	324	scaffold_84	79.167	48	5	2	113	160	37412	37540	3.14e-69	61.2
Cocci_immitis_RS_CIMG_04613	324	scaffold_84	100.000	36	0	0	1	36	37069	37176	3.14e-69	55.8
Cocci_immitis_RS_CIMG_04613	324	scaffold_84	100.000	41	0	0	73	113	37418	37540	2.66e-64	79.3
Cocci_immitis_RS_CIMG_04613	324	scaffold_84	50.847	118	51	3	208	321	37991	38335	2.66e-64	76.6
Cocci_immitis_RS_CIMG_04613	324	scaffold_84	100.000	47	0	0	114	160	37597	37737	2.66e-64	75.5
Cocci_immitis_RS_CIMG_04613	324	scaffold_84	100.000	47	0	0	161	207	37794	37934	2.66e-64	75.1
Cocci_immitis_RS_CIMG_04613	324	scaffold_84	50.000	116	42	3	208	322	38188	38490	9.04e-55	77.0
Cocci_immitis_RS_CIMG_04613	324	scaffold_84	100.000	47	0	0	161	207	37991	38131	9.04e-55	75.1
Cocci_immitis_RS_CIMG_04613	324	scaffold_84	97.872	47	1	0	114	160	37794	37934	9.04e-55	73.9
Cocci_immitis_RS_CIMG_04613	324	scaffold_84	80.435	46	4	2	73	113	37600	37737	9.04e-55	48.1
Cocci_immitis_RS_CIMG_04613	324	scaffold_84	100.000	70	0	0	255	324	38385	38594	8.21e-38	143
Cocci_immitis_RS_CIMG_04613	324	scaffold_84	100.000	47	0	0	161	207	38188	38328	1.33e-37	75.1
Cocci_immitis_RS_CIMG_04613	324	scaffold_84	97.872	47	1	0	114	160	37991	38131	1.33e-37	73.9
Cocci_immitis_RS_CIMG_04613	324	scaffold_84	78.261	46	5	2	73	113	37797	37934	1.33e-37	46.6
Cocci_immitis_RS_CIMG_04613	324	scaffold_84	50.000	118	52	3	208	321	37597	37941	4.59e-26	77.0
Cocci_immitis_RS_CIMG_04613	324	scaffold_84	77.083	48	6	2	160	207	37412	37540	4.59e-26	59.7
Cocci_immitis_RS_CIMG_04613	324	scaffold_84	97.872	47	1	0	114	160	38188	38328	2.64e-21	73.9
Cocci_immitis_RS_CIMG_04613	324	scaffold_84	78.261	46	5	2	73	113	37994	38131	2.64e-21	46.6
Cocci_immitis_RS_CIMG_04613	324	scaffold_84	42.017	119	57	5	207	321	37412	37744	3.23e-10	61.6
COCCIDIOIDES_IMMITIS_CIB10637_003943	371	scaffold_2	98.571	70	1	0	302	371	4406522	4406731	1.96e-106	142
COCCIDIOIDES_IMMITIS_CIB10637_003943	371	scaffold_2	100.000	47	0	0	114	160	4405739	4405879	1.96e-106	75.1
COCCIDIOIDES_IMMITIS_CIB10637_003943	371	scaffold_2	97.872	47	1	0	255	301	4406326	4406466	1.96e-106	73.9
COCCIDIOIDES_IMMITIS_CIB10637_003943	371	scaffold_2	93.617	47	3	0	161	207	4405936	4406076	1.96e-106	67.4
COCCIDIOIDES_IMMITIS_CIB10637_003943	371	scaffold_2	93.617	47	3	0	208	254	4406130	4406270	1.96e-106	67.4
COCCIDIOIDES_IMMITIS_CIB10637_003943	371	scaffold_2	72.881	59	15	1	56	113	4405506	4405682	1.96e-106	63.2
COCCIDIOIDES_IMMITIS_CIB10637_003943	371	scaffold_2	97.872	47	1	0	161	207	4405739	4405879	5.03e-76	73.9
COCCIDIOIDES_IMMITIS_CIB10637_003943	371	scaffold_2	76.000	50	9	1	37	83	4405387	4405536	5.03e-76	70.9
COCCIDIOIDES_IMMITIS_CIB10637_003943	371	scaffold_2	93.617	47	3	0	208	254	4405936	4406076	5.03e-76	67.4
COCCIDIOIDES_IMMITIS_CIB10637_003943	371	scaffold_2	93.617	47	3	0	255	301	4406130	4406270	5.03e-76	67.4
COCCIDIOIDES_IMMITIS_CIB10637_003943	371	scaffold_2	97.222	36	1	0	1	36	4405199	4405306	5.03e-76	54.7
COCCIDIOIDES_IMMITIS_CIB10637_003943	371	scaffold_2	81.250	48	5	1	113	160	4405551	4405682	5.03e-76	52.4
COCCIDIOIDES_IMMITIS_CIB10637_003943	371	scaffold_2	97.872	47	1	0	208	254	4406326	4406466	7.96e-50	73.9
COCCIDIOIDES_IMMITIS_CIB10637_003943	371	scaffold_2	95.745	47	2	0	114	160	4405936	4406076	7.96e-50	68.6
COCCIDIOIDES_IMMITIS_CIB10637_003943	371	scaffold_2	93.617	47	3	0	161	207	4406130	4406270	7.96e-50	67.4
COCCIDIOIDES_IMMITIS_CIB10637_003943	371	scaffold_2	80.435	46	4	2	73	113	4405742	4405879	7.96e-50	47.8
COCCIDIOIDES_IMMITIS_CIB10637_003943	371	scaffold_2	97.872	47	1	0	161	207	4406326	4406466	7.42e-38	73.9
COCCIDIOIDES_IMMITIS_CIB10637_003943	371	scaffold_2	95.745	47	2	0	114	160	4406130	4406270	7.42e-38	68.6
COCCIDIOIDES_IMMITIS_CIB10637_003943	371	scaffold_2	84.783	46	2	2	73	113	4405939	4406076	7.42e-38	54.3
COCCIDIOIDES_IMMITIS_CIB10637_003943	371	scaffold_2	97.872	47	1	0	208	254	4405739	4405879	1.93e-37	73.9
COCCIDIOIDES_IMMITIS_CIB10637_003943	371	scaffold_2	49.565	115	54	2	255	368	4405936	4406271	1.93e-37	70.5
COCCIDIOIDES_IMMITIS_CIB10637_003943	371	scaffold_2	79.167	48	6	1	160	207	4405551	4405682	1.93e-37	51.2
COCCIDIOIDES_IMMITIS_CIB10637_003943	371	scaffold_2	100.000	47	0	0	114	160	4406326	4406466	6.47e-24	75.1
COCCIDIOIDES_IMMITIS_CIB10637_003943	371	scaffold_2	84.783	46	2	2	73	113	4406133	4406270	6.47e-24	54.3
COCCIDIOIDES_IMMITIS_CIB10637_003943	371	scaffold_2	50.862	116	52	2	255	368	4405739	4406077	8.77e-24	77.8
COCCIDIOIDES_IMMITIS_CIB10637_003943	371	scaffold_2	79.167	48	6	1	207	254	4405551	4405682	8.77e-24	51.2
COCCIDIOIDES_IMMITIS_CIB10637_003943	371	scaffold_2	35.385	130	68	3	254	371	4405551	4405928	9.85e-07	51.2
COCCIDIOIDES_IMMITIS_CIB10637_003943	371	scaffold_84	50.847	118	51	3	255	368	37991	38335	3.31e-85	77.0
COCCIDIOIDES_IMMITIS_CIB10637_003943	371	scaffold_84	80.851	47	9	0	37	83	37257	37397	3.31e-85	75.9
COCCIDIOIDES_IMMITIS_CIB10637_003943	371	scaffold_84	100.000	47	0	0	208	254	37794	37934	3.31e-85	75.1
COCCIDIOIDES_IMMITIS_CIB10637_003943	371	scaffold_84	97.872	47	1	0	161	207	37597	37737	3.31e-85	73.9
COCCIDIOIDES_IMMITIS_CIB10637_003943	371	scaffold_84	79.167	48	5	2	113	160	37412	37540	3.31e-85	60.5
COCCIDIOIDES_IMMITIS_CIB10637_003943	371	scaffold_84	100.000	36	0	0	1	36	37069	37176	3.31e-85	55.5
COCCIDIOIDES_IMMITIS_CIB10637_003943	371	scaffold_84	100.000	41	0	0	73	113	37418	37540	2.47e-80	78.6
COCCIDIOIDES_IMMITIS_CIB10637_003943	371	scaffold_84	47.541	122	59	3	255	371	38188	38553	2.47e-80	77.8
COCCIDIOIDES_IMMITIS_CIB10637_003943	371	scaffold_84	100.000	47	0	0	114	160	37597	37737	2.47e-80	75.1
COCCIDIOIDES_IMMITIS_CIB10637_003943	371	scaffold_84	100.000	47	0	0	161	207	37794	37934	2.47e-80	75.1
COCCIDIOIDES_IMMITIS_CIB10637_003943	371	scaffold_84	100.000	47	0	0	208	254	37991	38131	2.47e-80	75.1
COCCIDIOIDES_IMMITIS_CIB10637_003943	371	scaffold_84	100.000	47	0	0	161	207	37991	38131	7.67e-54	75.1
COCCIDIOIDES_IMMITIS_CIB10637_003943	371	scaffold_84	100.000	47	0	0	208	254	38188	38328	7.67e-54	75.1
COCCIDIOIDES_IMMITIS_CIB10637_003943	371	scaffold_84	97.872	47	1	0	114	160	37794	37934	7.67e-54	73.6
COCCIDIOIDES_IMMITIS_CIB10637_003943	371	scaffold_84	80.435	46	4	2	73	113	37600	37737	7.67e-54	47.8
COCCIDIOIDES_IMMITIS_CIB10637_003943	371	scaffold_84	50.847	118	51	3	255	368	37794	38138	9.86e-42	77.0
COCCIDIOIDES_IMMITIS_CIB10637_003943	371	scaffold_84	97.872	47	1	0	208	254	37597	37737	9.86e-42	73.9
COCCIDIOIDES_IMMITIS_CIB10637_003943	371	scaffold_84	77.083	48	6	2	160	207	37412	37540	9.86e-42	59.3
COCCIDIOIDES_IMMITIS_CIB10637_003943	371	scaffold_84	100.000	70	0	0	302	371	38385	38594	2.05e-37	144
COCCIDIOIDES_IMMITIS_CIB10637_003943	371	scaffold_84	100.000	47	0	0	161	207	38188	38328	3.24e-37	75.1
COCCIDIOIDES_IMMITIS_CIB10637_003943	371	scaffold_84	97.872	47	1	0	114	160	37991	38131	3.24e-37	73.6
COCCIDIOIDES_IMMITIS_CIB10637_003943	371	scaffold_84	78.261	46	5	2	73	113	37797	37934	3.24e-37	46.2
COCCIDIOIDES_IMMITIS_CIB10637_003943	371	scaffold_84	50.000	118	52	3	255	368	37597	37941	5.30e-26	77.4
COCCIDIOIDES_IMMITIS_CIB10637_003943	371	scaffold_84	77.083	48	6	2	207	254	37412	37540	5.30e-26	59.3
COCCIDIOIDES_IMMITIS_CIB10637_003943	371	scaffold_84	97.872	47	1	0	114	160	38188	38328	5.20e-21	73.6
COCCIDIOIDES_IMMITIS_CIB10637_003943	371	scaffold_84	78.261	46	5	2	73	113	37994	38131	5.20e-21	46.2
COCCIDIOIDES_IMMITIS_CIB10637_003943	371	scaffold_84	42.017	119	57	5	254	368	37412	37744	2.98e-10	62.4
COCCIDIOIDES_IMMITIS_CIB10992_003451	371	scaffold_2	98.571	70	1	0	302	371	4406522	4406731	1.96e-106	142
COCCIDIOIDES_IMMITIS_CIB10992_003451	371	scaffold_2	100.000	47	0	0	114	160	4405739	4405879	1.96e-106	75.1
COCCIDIOIDES_IMMITIS_CIB10992_003451	371	scaffold_2	97.872	47	1	0	255	301	4406326	4406466	1.96e-106	73.9
COCCIDIOIDES_IMMITIS_CIB10992_003451	371	scaffold_2	93.617	47	3	0	161	207	4405936	4406076	1.96e-106	67.4
COCCIDIOIDES_IMMITIS_CIB10992_003451	371	scaffold_2	93.617	47	3	0	208	254	4406130	4406270	1.96e-106	67.4
COCCIDIOIDES_IMMITIS_CIB10992_003451	371	scaffold_2	72.881	59	15	1	56	113	4405506	4405682	1.96e-106	63.2
COCCIDIOIDES_IMMITIS_CIB10992_003451	371	scaffold_2	97.872	47	1	0	161	207	4405739	4405879	5.03e-76	73.9
COCCIDIOIDES_IMMITIS_CIB10992_003451	371	scaffold_2	76.000	50	9	1	37	83	4405387	4405536	5.03e-76	70.9
COCCIDIOIDES_IMMITIS_CIB10992_003451	371	scaffold_2	93.617	47	3	0	208	254	4405936	4406076	5.03e-76	67.4
COCCIDIOIDES_IMMITIS_CIB10992_003451	371	scaffold_2	93.617	47	3	0	255	301	4406130	4406270	5.03e-76	67.4
COCCIDIOIDES_IMMITIS_CIB10992_003451	371	scaffold_2	97.222	36	1	0	1	36	4405199	4405306	5.03e-76	54.7
COCCIDIOIDES_IMMITIS_CIB10992_003451	371	scaffold_2	81.250	48	5	1	113	160	4405551	4405682	5.03e-76	52.4
COCCIDIOIDES_IMMITIS_CIB10992_003451	371	scaffold_2	97.872	47	1	0	208	254	4406326	4406466	7.96e-50	73.9
COCCIDIOIDES_IMMITIS_CIB10992_003451	371	scaffold_2	95.745	47	2	0	114	160	4405936	4406076	7.96e-50	68.6
COCCIDIOIDES_IMMITIS_CIB10992_003451	371	scaffold_2	93.617	47	3	0	161	207	4406130	4406270	7.96e-50	67.4
COCCIDIOIDES_IMMITIS_CIB10992_003451	371	scaffold_2	80.435	46	4	2	73	113	4405742	4405879	7.96e-50	47.8
COCCIDIOIDES_IMMITIS_CIB10992_003451	371	scaffold_2	97.872	47	1	0	161	207	4406326	4406466	7.42e-38	73.9
COCCIDIOIDES_IMMITIS_CIB10992_003451	371	scaffold_2	95.745	47	2	0	114	160	4406130	4406270	7.42e-38	68.6
COCCIDIOIDES_IMMITIS_CIB10992_003451	371	scaffold_2	84.783	46	2	2	73	113	4405939	4406076	7.42e-38	54.3
COCCIDIOIDES_IMMITIS_CIB10992_003451	371	scaffold_2	97.872	47	1	0	208	254	4405739	4405879	1.93e-37	73.9
COCCIDIOIDES_IMMITIS_CIB10992_003451	371	scaffold_2	49.565	115	54	2	255	368	4405936	4406271	1.93e-37	70.5
COCCIDIOIDES_IMMITIS_CIB10992_003451	371	scaffold_2	79.167	48	6	1	160	207	4405551	4405682	1.93e-37	51.2
COCCIDIOIDES_IMMITIS_CIB10992_003451	371	scaffold_2	100.000	47	0	0	114	160	4406326	4406466	6.47e-24	75.1
COCCIDIOIDES_IMMITIS_CIB10992_003451	371	scaffold_2	84.783	46	2	2	73	113	4406133	4406270	6.47e-24	54.3
COCCIDIOIDES_IMMITIS_CIB10992_003451	371	scaffold_2	50.862	116	52	2	255	368	4405739	4406077	8.77e-24	77.8
COCCIDIOIDES_IMMITIS_CIB10992_003451	371	scaffold_2	79.167	48	6	1	207	254	4405551	4405682	8.77e-24	51.2
COCCIDIOIDES_IMMITIS_CIB10992_003451	371	scaffold_2	35.385	130	68	3	254	371	4405551	4405928	9.85e-07	51.2
COCCIDIOIDES_IMMITIS_CIB10992_003451	371	scaffold_84	50.847	118	51	3	255	368	37991	38335	3.31e-85	77.0
COCCIDIOIDES_IMMITIS_CIB10992_003451	371	scaffold_84	80.851	47	9	0	37	83	37257	37397	3.31e-85	75.9
COCCIDIOIDES_IMMITIS_CIB10992_003451	371	scaffold_84	100.000	47	0	0	208	254	37794	37934	3.31e-85	75.1
COCCIDIOIDES_IMMITIS_CIB10992_003451	371	scaffold_84	97.872	47	1	0	161	207	37597	37737	3.31e-85	73.9
COCCIDIOIDES_IMMITIS_CIB10992_003451	371	scaffold_84	79.167	48	5	2	113	160	37412	37540	3.31e-85	60.5
COCCIDIOIDES_IMMITIS_CIB10992_003451	371	scaffold_84	100.000	36	0	0	1	36	37069	37176	3.31e-85	55.5
COCCIDIOIDES_IMMITIS_CIB10992_003451	371	scaffold_84	100.000	41	0	0	73	113	37418	37540	2.47e-80	78.6
COCCIDIOIDES_IMMITIS_CIB10992_003451	371	scaffold_84	47.541	122	59	3	255	371	38188	38553	2.47e-80	77.8
COCCIDIOIDES_IMMITIS_CIB10992_003451	371	scaffold_84	100.000	47	0	0	114	160	37597	37737	2.47e-80	75.1
COCCIDIOIDES_IMMITIS_CIB10992_003451	371	scaffold_84	100.000	47	0	0	161	207	37794	37934	2.47e-80	75.1
COCCIDIOIDES_IMMITIS_CIB10992_003451	371	scaffold_84	100.000	47	0	0	208	254	37991	38131	2.47e-80	75.1
COCCIDIOIDES_IMMITIS_CIB10992_003451	371	scaffold_84	100.000	47	0	0	161	207	37991	38131	7.67e-54	75.1
COCCIDIOIDES_IMMITIS_CIB10992_003451	371	scaffold_84	100.000	47	0	0	208	254	38188	38328	7.67e-54	75.1
COCCIDIOIDES_IMMITIS_CIB10992_003451	371	scaffold_84	97.872	47	1	0	114	160	37794	37934	7.67e-54	73.6
COCCIDIOIDES_IMMITIS_CIB10992_003451	371	scaffold_84	80.435	46	4	2	73	113	37600	37737	7.67e-54	47.8
COCCIDIOIDES_IMMITIS_CIB10992_003451	371	scaffold_84	50.847	118	51	3	255	368	37794	38138	9.86e-42	77.0
COCCIDIOIDES_IMMITIS_CIB10992_003451	371	scaffold_84	97.872	47	1	0	208	254	37597	37737	9.86e-42	73.9
COCCIDIOIDES_IMMITIS_CIB10992_003451	371	scaffold_84	77.083	48	6	2	160	207	37412	37540	9.86e-42	59.3
COCCIDIOIDES_IMMITIS_CIB10992_003451	371	scaffold_84	100.000	70	0	0	302	371	38385	38594	2.05e-37	144
COCCIDIOIDES_IMMITIS_CIB10992_003451	371	scaffold_84	100.000	47	0	0	161	207	38188	38328	3.24e-37	75.1
COCCIDIOIDES_IMMITIS_CIB10992_003451	371	scaffold_84	97.872	47	1	0	114	160	37991	38131	3.24e-37	73.6
COCCIDIOIDES_IMMITIS_CIB10992_003451	371	scaffold_84	78.261	46	5	2	73	113	37797	37934	3.24e-37	46.2
COCCIDIOIDES_IMMITIS_CIB10992_003451	371	scaffold_84	50.000	118	52	3	255	368	37597	37941	5.30e-26	77.4
COCCIDIOIDES_IMMITIS_CIB10992_003451	371	scaffold_84	77.083	48	6	2	207	254	37412	37540	5.30e-26	59.3
COCCIDIOIDES_IMMITIS_CIB10992_003451	371	scaffold_84	97.872	47	1	0	114	160	38188	38328	5.20e-21	73.6
COCCIDIOIDES_IMMITIS_CIB10992_003451	371	scaffold_84	78.261	46	5	2	73	113	37994	38131	5.20e-21	46.2
COCCIDIOIDES_IMMITIS_CIB10992_003451	371	scaffold_84	42.017	119	57	5	254	368	37412	37744	2.98e-10	62.4
Coccidioides_posadasii_Silveira_QVM09276	328	scaffold_2	98.571	70	1	0	259	328	4406522	4406731	3.07e-91	142
Coccidioides_posadasii_Silveira_QVM09276	328	scaffold_2	100.000	47	0	0	118	164	4405936	4406076	3.07e-91	75.9
Coccidioides_posadasii_Silveira_QVM09276	328	scaffold_2	100.000	47	0	0	165	211	4406130	4406270	3.07e-91	75.9
Coccidioides_posadasii_Silveira_QVM09276	328	scaffold_2	97.872	47	1	0	212	258	4406326	4406466	3.07e-91	74.3
Coccidioides_posadasii_Silveira_QVM09276	328	scaffold_2	80.435	46	5	1	76	117	4405742	4405879	3.07e-91	49.7
Coccidioides_posadasii_Silveira_QVM09276	328	scaffold_2	100.000	47	0	0	165	211	4405936	4406076	1.29e-55	75.9
Coccidioides_posadasii_Silveira_QVM09276	328	scaffold_2	95.745	47	2	0	118	164	4405739	4405879	1.29e-55	69.3
Coccidioides_posadasii_Silveira_QVM09276	328	scaffold_2	93.617	47	3	0	212	258	4406130	4406270	1.29e-55	67.8
Coccidioides_posadasii_Silveira_QVM09276	328	scaffold_2	58.442	77	32	0	41	117	4405452	4405682	1.29e-55	64.3
Coccidioides_posadasii_Silveira_QVM09276	328	scaffold_2	100.000	47	0	0	118	164	4406130	4406270	3.64e-39	75.9
Coccidioides_posadasii_Silveira_QVM09276	328	scaffold_2	95.745	47	2	0	165	211	4406326	4406466	3.64e-39	69.3
Coccidioides_posadasii_Silveira_QVM09276	328	scaffold_2	84.783	46	3	1	76	117	4405939	4406076	3.64e-39	56.2
Coccidioides_posadasii_Silveira_QVM09276	328	scaffold_2	49.565	115	54	2	212	325	4405936	4406271	2.01e-38	69.7
Coccidioides_posadasii_Silveira_QVM09276	328	scaffold_2	95.745	47	2	0	165	211	4405739	4405879	2.01e-38	69.3
Coccidioides_posadasii_Silveira_QVM09276	328	scaffold_2	85.417	48	3	1	117	164	4405551	4405682	2.01e-38	59.7
Coccidioides_posadasii_Silveira_QVM09276	328	scaffold_2	100.000	39	0	0	37	75	4405387	4405503	1.30e-26	82.0
Coccidioides_posadasii_Silveira_QVM09276	328	scaffold_2	100.000	36	0	0	1	36	4405199	4405306	1.30e-26	56.2
Coccidioides_posadasii_Silveira_QVM09276	328	scaffold_2	50.862	116	52	2	212	325	4405739	4406077	3.84e-26	77.4
Coccidioides_posadasii_Silveira_QVM09276	328	scaffold_2	85.417	48	3	1	164	211	4405551	4405682	3.84e-26	59.7
Coccidioides_posadasii_Silveira_QVM09276	328	scaffold_2	95.745	47	2	0	118	164	4406326	4406466	1.05e-22	69.3
Coccidioides_posadasii_Silveira_QVM09276	328	scaffold_2	84.783	46	3	1	76	117	4406133	4406270	1.05e-22	56.2
Coccidioides_posadasii_Silveira_QVM09276	328	scaffold_2	79.167	48	6	1	211	258	4405551	4405682	6.06e-07	51.6
Coccidioides_posadasii_Silveira_QVM09276	328	scaffold_2	80.435	46	5	1	76	117	4406329	4406466	2.77e-06	49.7
Coccidioides_posadasii_Silveira_QVM09276	328	scaffold_84	49.153	118	53	3	212	325	37991	38335	1.33e-82	73.9
Coccidioides_posadasii_Silveira_QVM09276	328	scaffold_84	95.238	42	1	1	76	117	37418	37540	1.33e-82	72.4
Coccidioides_posadasii_Silveira_QVM09276	328	scaffold_84	92.308	39	0	1	37	75	37257	37364	1.33e-82	70.5
Coccidioides_posadasii_Silveira_QVM09276	328	scaffold_84	95.745	47	2	0	118	164	37597	37737	1.33e-82	69.3
Coccidioides_posadasii_Silveira_QVM09276	328	scaffold_84	93.617	47	3	0	165	211	37794	37934	1.33e-82	67.8
Coccidioides_posadasii_Silveira_QVM09276	328	scaffold_84	97.222	36	1	0	1	36	37069	37176	1.33e-82	55.1
Coccidioides_posadasii_Silveira_QVM09276	328	scaffold_84	48.276	116	44	3	212	326	38188	38490	2.20e-50	74.3
Coccidioides_posadasii_Silveira_QVM09276	328	scaffold_84	93.617	47	3	0	118	164	37794	37934	2.20e-50	67.8
Coccidioides_posadasii_Silveira_QVM09276	328	scaffold_84	93.617	47	3	0	165	211	37991	38131	2.20e-50	67.8
Coccidioides_posadasii_Silveira_QVM09276	328	scaffold_84	80.435	46	5	1	76	117	37600	37737	2.20e-50	49.7
Coccidioides_posadasii_Silveira_QVM09276	328	scaffold_84	49.153	118	53	3	212	325	37794	38138	4.43e-42	73.9
Coccidioides_posadasii_Silveira_QVM09276	328	scaffold_84	95.745	47	2	0	165	211	37597	37737	4.43e-42	69.3
Coccidioides_posadasii_Silveira_QVM09276	328	scaffold_84	83.333	48	3	2	117	164	37412	37540	4.43e-42	67.8
Coccidioides_posadasii_Silveira_QVM09276	328	scaffold_84	100.000	70	0	0	259	328	38385	38594	1.13e-37	143
Coccidioides_posadasii_Silveira_QVM09276	328	scaffold_84	93.617	47	3	0	118	164	37991	38131	6.67e-34	67.8
Coccidioides_posadasii_Silveira_QVM09276	328	scaffold_84	93.617	47	3	0	165	211	38188	38328	6.67e-34	67.8
Coccidioides_posadasii_Silveira_QVM09276	328	scaffold_84	78.261	46	6	1	76	117	37797	37934	6.67e-34	48.1
Coccidioides_posadasii_Silveira_QVM09276	328	scaffold_84	50.000	118	52	3	212	325	37597	37941	1.54e-28	77.0
Coccidioides_posadasii_Silveira_QVM09276	328	scaffold_84	83.333	48	3	2	164	211	37412	37540	1.54e-28	67.8
Coccidioides_posadasii_Silveira_QVM09276	328	scaffold_84	93.617	47	3	0	118	164	38188	38328	8.01e-20	67.8
Coccidioides_posadasii_Silveira_QVM09276	328	scaffold_84	78.261	46	6	1	76	117	37994	38131	8.01e-20	48.1
Coccidioides_posadasii_Silveira_QVM09276	328	scaffold_84	42.017	119	57	5	211	325	37412	37744	2.95e-10	62.0
Coccidioides_posadasii_Silveira_QVM09276	328	scaffold_84	78.261	46	6	1	76	117	38191	38328	8.36e-06	48.1
Coccidioides_posadasii_Silveira_QVM10648_trunc	117	scaffold_31	93.939	99	6	0	19	117	19044	18748	7.91e-58	192
Coccidioides_posadasii_Silveira_QVM10648_trunc	117	scaffold_5	100.000	83	0	0	19	101	1129290	1129042	2.81e-50	170
SOWgp58_Cocci_immitis_published	328	scaffold_2	98.571	70	1	0	259	328	4406522	4406731	3.07e-91	142
SOWgp58_Cocci_immitis_published	328	scaffold_2	100.000	47	0	0	118	164	4405936	4406076	3.07e-91	75.9
SOWgp58_Cocci_immitis_published	328	scaffold_2	100.000	47	0	0	165	211	4406130	4406270	3.07e-91	75.9
SOWgp58_Cocci_immitis_published	328	scaffold_2	97.872	47	1	0	212	258	4406326	4406466	3.07e-91	74.3
SOWgp58_Cocci_immitis_published	328	scaffold_2	80.435	46	5	1	76	117	4405742	4405879	3.07e-91	49.7
SOWgp58_Cocci_immitis_published	328	scaffold_2	100.000	47	0	0	165	211	4405936	4406076	1.29e-55	75.9
SOWgp58_Cocci_immitis_published	328	scaffold_2	95.745	47	2	0	118	164	4405739	4405879	1.29e-55	69.3
SOWgp58_Cocci_immitis_published	328	scaffold_2	93.617	47	3	0	212	258	4406130	4406270	1.29e-55	67.8
SOWgp58_Cocci_immitis_published	328	scaffold_2	58.442	77	32	0	41	117	4405452	4405682	1.29e-55	64.3
SOWgp58_Cocci_immitis_published	328	scaffold_2	100.000	47	0	0	118	164	4406130	4406270	3.64e-39	75.9
SOWgp58_Cocci_immitis_published	328	scaffold_2	95.745	47	2	0	165	211	4406326	4406466	3.64e-39	69.3
SOWgp58_Cocci_immitis_published	328	scaffold_2	84.783	46	3	1	76	117	4405939	4406076	3.64e-39	56.2
SOWgp58_Cocci_immitis_published	328	scaffold_2	49.565	115	54	2	212	325	4405936	4406271	2.01e-38	69.7
SOWgp58_Cocci_immitis_published	328	scaffold_2	95.745	47	2	0	165	211	4405739	4405879	2.01e-38	69.3
SOWgp58_Cocci_immitis_published	328	scaffold_2	85.417	48	3	1	117	164	4405551	4405682	2.01e-38	59.7
SOWgp58_Cocci_immitis_published	328	scaffold_2	100.000	39	0	0	37	75	4405387	4405503	1.30e-26	82.0
SOWgp58_Cocci_immitis_published	328	scaffold_2	100.000	36	0	0	1	36	4405199	4405306	1.30e-26	56.2
SOWgp58_Cocci_immitis_published	328	scaffold_2	50.862	116	52	2	212	325	4405739	4406077	3.84e-26	77.4
SOWgp58_Cocci_immitis_published	328	scaffold_2	85.417	48	3	1	164	211	4405551	4405682	3.84e-26	59.7
SOWgp58_Cocci_immitis_published	328	scaffold_2	95.745	47	2	0	118	164	4406326	4406466	1.05e-22	69.3
SOWgp58_Cocci_immitis_published	328	scaffold_2	84.783	46	3	1	76	117	4406133	4406270	1.05e-22	56.2
SOWgp58_Cocci_immitis_published	328	scaffold_2	79.167	48	6	1	211	258	4405551	4405682	6.06e-07	51.6
SOWgp58_Cocci_immitis_published	328	scaffold_2	80.435	46	5	1	76	117	4406329	4406466	2.77e-06	49.7
SOWgp58_Cocci_immitis_published	328	scaffold_84	49.153	118	53	3	212	325	37991	38335	1.33e-82	73.9
SOWgp58_Cocci_immitis_published	328	scaffold_84	95.238	42	1	1	76	117	37418	37540	1.33e-82	72.4
SOWgp58_Cocci_immitis_published	328	scaffold_84	92.308	39	0	1	37	75	37257	37364	1.33e-82	70.5
SOWgp58_Cocci_immitis_published	328	scaffold_84	95.745	47	2	0	118	164	37597	37737	1.33e-82	69.3
SOWgp58_Cocci_immitis_published	328	scaffold_84	93.617	47	3	0	165	211	37794	37934	1.33e-82	67.8
SOWgp58_Cocci_immitis_published	328	scaffold_84	97.222	36	1	0	1	36	37069	37176	1.33e-82	55.1
SOWgp58_Cocci_immitis_published	328	scaffold_84	48.276	116	44	3	212	326	38188	38490	2.20e-50	74.3
SOWgp58_Cocci_immitis_published	328	scaffold_84	93.617	47	3	0	118	164	37794	37934	2.20e-50	67.8
SOWgp58_Cocci_immitis_published	328	scaffold_84	93.617	47	3	0	165	211	37991	38131	2.20e-50	67.8
SOWgp58_Cocci_immitis_published	328	scaffold_84	80.435	46	5	1	76	117	37600	37737	2.20e-50	49.7
SOWgp58_Cocci_immitis_published	328	scaffold_84	49.153	118	53	3	212	325	37794	38138	4.43e-42	73.9
SOWgp58_Cocci_immitis_published	328	scaffold_84	95.745	47	2	0	165	211	37597	37737	4.43e-42	69.3
SOWgp58_Cocci_immitis_published	328	scaffold_84	83.333	48	3	2	117	164	37412	37540	4.43e-42	67.8
SOWgp58_Cocci_immitis_published	328	scaffold_84	100.000	70	0	0	259	328	38385	38594	1.13e-37	143
SOWgp58_Cocci_immitis_published	328	scaffold_84	93.617	47	3	0	118	164	37991	38131	6.67e-34	67.8
SOWgp58_Cocci_immitis_published	328	scaffold_84	93.617	47	3	0	165	211	38188	38328	6.67e-34	67.8
SOWgp58_Cocci_immitis_published	328	scaffold_84	78.261	46	6	1	76	117	37797	37934	6.67e-34	48.1
SOWgp58_Cocci_immitis_published	328	scaffold_84	50.000	118	52	3	212	325	37597	37941	1.54e-28	77.0
SOWgp58_Cocci_immitis_published	328	scaffold_84	83.333	48	3	2	164	211	37412	37540	1.54e-28	67.8
SOWgp58_Cocci_immitis_published	328	scaffold_84	93.617	47	3	0	118	164	38188	38328	8.01e-20	67.8
SOWgp58_Cocci_immitis_published	328	scaffold_84	78.261	46	6	1	76	117	37994	38131	8.01e-20	48.1
SOWgp58_Cocci_immitis_published	328	scaffold_84	42.017	119	57	5	211	325	37412	37744	2.95e-10	62.0
SOWgp58_Cocci_immitis_published	328	scaffold_84	78.261	46	6	1	76	117	38191	38328	8.36e-06	48.1
SOWgp66_Cocci_immitis_published	375	scaffold_2	100.000	70	0	0	306	375	4406522	4406731	2.53e-113	144
SOWgp66_Cocci_immitis_published	375	scaffold_2	100.000	47	0	0	118	164	4405739	4405879	2.53e-113	75.5
SOWgp66_Cocci_immitis_published	375	scaffold_2	100.000	47	0	0	165	211	4405936	4406076	2.53e-113	75.5
SOWgp66_Cocci_immitis_published	375	scaffold_2	100.000	47	0	0	212	258	4406130	4406270	2.53e-113	75.5
SOWgp66_Cocci_immitis_published	375	scaffold_2	100.000	47	0	0	259	305	4406326	4406466	2.53e-113	75.5
SOWgp66_Cocci_immitis_published	375	scaffold_2	59.740	77	31	0	41	117	4405452	4405682	2.53e-113	67.4
SOWgp66_Cocci_immitis_published	375	scaffold_2	82.000	50	9	0	37	86	4405387	4405536	4.72e-81	82.4
SOWgp66_Cocci_immitis_published	375	scaffold_2	100.000	47	0	0	212	258	4405936	4406076	4.72e-81	75.5
SOWgp66_Cocci_immitis_published	375	scaffold_2	95.745	47	2	0	165	211	4405739	4405879	4.72e-81	68.9
SOWgp66_Cocci_immitis_published	375	scaffold_2	95.745	47	2	0	259	305	4406130	4406270	4.72e-81	68.9
SOWgp66_Cocci_immitis_published	375	scaffold_2	100.000	36	0	0	1	36	4405199	4405306	4.72e-81	55.8
SOWgp66_Cocci_immitis_published	375	scaffold_2	81.250	48	5	1	117	164	4405551	4405682	4.72e-81	52.8
SOWgp66_Cocci_immitis_published	375	scaffold_2	100.000	47	0	0	165	211	4406130	4406270	4.93e-52	75.5
SOWgp66_Cocci_immitis_published	375	scaffold_2	95.745	47	2	0	118	164	4405936	4406076	4.93e-52	68.9
SOWgp66_Cocci_immitis_published	375	scaffold_2	95.745	47	2	0	212	258	4406326	4406466	4.93e-52	68.9
SOWgp66_Cocci_immitis_published	375	scaffold_2	82.609	46	4	1	76	117	4405742	4405879	4.93e-52	52.4
SOWgp66_Cocci_immitis_published	375	scaffold_2	50.435	115	53	2	259	372	4405936	4406271	1.39e-38	71.6
SOWgp66_Cocci_immitis_published	375	scaffold_2	95.745	47	2	0	212	258	4405739	4405879	1.39e-38	68.9
SOWgp66_Cocci_immitis_published	375	scaffold_2	85.417	48	3	1	164	211	4405551	4405682	1.39e-38	59.3
SOWgp66_Cocci_immitis_published	375	scaffold_2	95.745	47	2	0	118	164	4406130	4406270	1.08e-37	68.9
SOWgp66_Cocci_immitis_published	375	scaffold_2	95.745	47	2	0	165	211	4406326	4406466	1.08e-37	68.9
SOWgp66_Cocci_immitis_published	375	scaffold_2	86.957	46	2	1	76	117	4405939	4406076	1.08e-37	58.9
SOWgp66_Cocci_immitis_published	375	scaffold_2	51.724	116	51	2	259	372	4405739	4406077	1.98e-26	79.0
SOWgp66_Cocci_immitis_published	375	scaffold_2	85.417	48	3	1	211	258	4405551	4405682	1.98e-26	59.3
SOWgp66_Cocci_immitis_published	375	scaffold_2	100.000	47	0	0	118	164	4406326	4406466	3.00e-25	75.5
SOWgp66_Cocci_immitis_published	375	scaffold_2	86.957	46	2	1	76	117	4406133	4406270	3.00e-25	58.9
SOWgp66_Cocci_immitis_published	375	scaffold_2	36.154	130	67	3	258	375	4405551	4405928	1.47e-07	53.9
SOWgp66_Cocci_immitis_published	375	scaffold_2	82.609	46	4	1	76	117	4406329	4406466	5.21e-07	52.4
SOWgp66_Cocci_immitis_published	375	scaffold_84	46.032	126	45	4	259	372	37991	38335	1.90e-79	76.3
SOWgp66_Cocci_immitis_published	375	scaffold_84	76.000	50	9	1	37	86	37257	37397	1.90e-79	70.5
SOWgp66_Cocci_immitis_published	375	scaffold_84	95.745	47	2	0	165	211	37597	37737	1.90e-79	68.9
SOWgp66_Cocci_immitis_published	375	scaffold_84	93.617	47	3	0	212	258	37794	37934	1.90e-79	67.4
SOWgp66_Cocci_immitis_published	375	scaffold_84	79.167	48	5	2	117	164	37412	37540	1.90e-79	60.8
SOWgp66_Cocci_immitis_published	375	scaffold_84	97.222	36	1	0	1	36	37069	37176	1.90e-79	54.7
SOWgp66_Cocci_immitis_published	375	scaffold_84	49.138	116	43	3	259	373	38188	38490	1.52e-74	77.8
SOWgp66_Cocci_immitis_published	375	scaffold_84	100.000	47	0	0	118	164	37597	37737	1.52e-74	75.5
SOWgp66_Cocci_immitis_published	375	scaffold_84	97.619	42	0	1	76	117	37418	37540	1.52e-74	74.3
SOWgp66_Cocci_immitis_published	375	scaffold_84	93.617	47	3	0	165	211	37794	37934	1.52e-74	67.4
SOWgp66_Cocci_immitis_published	375	scaffold_84	93.617	47	3	0	212	258	37991	38131	1.52e-74	67.4
SOWgp66_Cocci_immitis_published	375	scaffold_84	97.872	47	1	0	118	164	37794	37934	1.13e-50	73.9
SOWgp66_Cocci_immitis_published	375	scaffold_84	93.617	47	3	0	165	211	37991	38131	1.13e-50	67.4
SOWgp66_Cocci_immitis_published	375	scaffold_84	93.617	47	3	0	212	258	38188	38328	1.13e-50	67.4
SOWgp66_Cocci_immitis_published	375	scaffold_84	82.609	46	4	1	76	117	37600	37737	1.13e-50	52.4
SOWgp66_Cocci_immitis_published	375	scaffold_84	46.032	126	45	4	259	372	37794	38138	2.40e-42	76.3
SOWgp66_Cocci_immitis_published	375	scaffold_84	95.745	47	2	0	212	258	37597	37737	2.40e-42	68.9
SOWgp66_Cocci_immitis_published	375	scaffold_84	83.333	48	3	2	164	211	37412	37540	2.40e-42	67.0
SOWgp66_Cocci_immitis_published	375	scaffold_84	98.571	70	1	0	306	375	38385	38594	7.39e-37	142
SOWgp66_Cocci_immitis_published	375	scaffold_84	97.872	47	1	0	118	164	37991	38131	2.87e-36	73.9
SOWgp66_Cocci_immitis_published	375	scaffold_84	93.617	47	3	0	165	211	38188	38328	2.87e-36	67.4
SOWgp66_Cocci_immitis_published	375	scaffold_84	80.435	46	5	1	76	117	37797	37934	2.87e-36	50.4
SOWgp66_Cocci_immitis_published	375	scaffold_84	50.847	118	51	3	259	372	37597	37941	1.20e-28	78.6
SOWgp66_Cocci_immitis_published	375	scaffold_84	83.333	48	3	2	211	258	37412	37540	1.20e-28	67.0
SOWgp66_Cocci_immitis_published	375	scaffold_84	97.872	47	1	0	118	164	38188	38328	2.53e-22	73.9
SOWgp66_Cocci_immitis_published	375	scaffold_84	80.435	46	5	1	76	117	37994	38131	2.53e-22	50.4
SOWgp66_Cocci_immitis_published	375	scaffold_84	42.857	119	56	5	258	372	37412	37744	1.44e-10	63.5
SOWgp66_Cocci_immitis_published	375	scaffold_84	80.435	46	5	1	76	117	38191	38328	1.72e-06	50.4
SOWgp82_Cocci_posadasii_published	422	scaffold_2	98.571	70	1	0	353	422	4406522	4406731	3.31e-103	142
SOWgp82_Cocci_posadasii_published	422	scaffold_2	95.745	47	2	0	259	305	4406130	4406270	3.31e-103	73.6
SOWgp82_Cocci_posadasii_published	422	scaffold_2	97.872	47	1	0	306	352	4406326	4406466	3.31e-103	73.6
SOWgp82_Cocci_posadasii_published	422	scaffold_2	91.489	47	4	0	165	211	4405739	4405879	3.31e-103	65.9
SOWgp82_Cocci_posadasii_published	422	scaffold_2	93.617	47	3	0	212	258	4405936	4406076	3.31e-103	65.5
SOWgp82_Cocci_posadasii_published	422	scaffold_2	83.333	48	4	1	117	164	4405551	4405682	3.31e-103	57.8
SOWgp82_Cocci_posadasii_published	422	scaffold_2	95.745	47	2	0	165	211	4405936	4406076	4.51e-67	72.4
SOWgp82_Cocci_posadasii_published	422	scaffold_2	93.617	47	3	0	118	164	4405739	4405879	4.51e-67	67.0
SOWgp82_Cocci_posadasii_published	422	scaffold_2	91.489	47	4	0	259	305	4406326	4406466	4.51e-67	67.0
SOWgp82_Cocci_posadasii_published	422	scaffold_2	93.617	47	3	0	212	258	4406130	4406270	4.51e-67	65.5
SOWgp82_Cocci_posadasii_published	422	scaffold_2	58.442	77	32	0	41	117	4405452	4405682	4.51e-67	64.3
SOWgp82_Cocci_posadasii_published	422	scaffold_2	95.745	47	2	0	259	305	4405936	4406076	3.61e-53	73.6
SOWgp82_Cocci_posadasii_published	422	scaffold_2	97.872	47	1	0	212	258	4405739	4405879	3.61e-53	72.0
SOWgp82_Cocci_posadasii_published	422	scaffold_2	93.617	47	3	0	306	352	4406130	4406270	3.61e-53	67.0
SOWgp82_Cocci_posadasii_published	422	scaffold_2	81.250	48	5	1	164	211	4405551	4405682	3.61e-53	56.2
SOWgp82_Cocci_posadasii_published	422	scaffold_2	97.872	47	1	0	118	164	4405936	4406076	1.42e-52	73.6
SOWgp82_Cocci_posadasii_published	422	scaffold_2	95.745	47	2	0	165	211	4406130	4406270	1.42e-52	72.4
SOWgp82_Cocci_posadasii_published	422	scaffold_2	97.872	47	1	0	212	258	4406326	4406466	1.42e-52	72.0
SOWgp82_Cocci_posadasii_published	422	scaffold_2	80.435	46	5	1	76	117	4405742	4405879	1.42e-52	49.3
SOWgp82_Cocci_posadasii_published	422	scaffold_2	97.872	47	1	0	118	164	4406130	4406270	2.71e-37	73.6
SOWgp82_Cocci_posadasii_published	422	scaffold_2	91.489	47	4	0	165	211	4406326	4406466	2.71e-37	65.9
SOWgp82_Cocci_posadasii_published	422	scaffold_2	84.783	46	3	1	76	117	4405939	4406076	2.71e-37	55.8
SOWgp82_Cocci_posadasii_published	422	scaffold_2	49.565	115	54	2	306	419	4405936	4406271	4.47e-35	71.2
SOWgp82_Cocci_posadasii_published	422	scaffold_2	91.489	47	4	0	259	305	4405739	4405879	4.47e-35	67.0
SOWgp82_Cocci_posadasii_published	422	scaffold_2	79.167	48	6	1	211	258	4405551	4405682	4.47e-35	49.3
SOWgp82_Cocci_posadasii_published	422	scaffold_2	100.000	39	0	0	37	75	4405387	4405503	2.63e-26	82.0
SOWgp82_Cocci_posadasii_published	422	scaffold_2	100.000	36	0	0	1	36	4405199	4405306	2.63e-26	55.8
SOWgp82_Cocci_posadasii_published	422	scaffold_2	50.862	116	52	2	306	419	4405739	4406077	8.45e-26	78.6
SOWgp82_Cocci_posadasii_published	422	scaffold_2	81.250	48	5	1	258	305	4405551	4405682	8.45e-26	57.8
SOWgp82_Cocci_posadasii_published	422	scaffold_2	93.617	47	3	0	118	164	4406326	4406466	7.63e-22	67.0
SOWgp82_Cocci_posadasii_published	422	scaffold_2	84.783	46	3	1	76	117	4406133	4406270	7.63e-22	55.8
SOWgp82_Cocci_posadasii_published	422	scaffold_2	35.385	130	68	3	305	422	4405551	4405928	8.57e-07	52.0
SOWgp82_Cocci_posadasii_published	422	scaffold_2	80.435	46	5	1	76	117	4406329	4406466	6.26e-06	49.3
SOWgp82_Cocci_posadasii_published	422	scaffold_84	95.238	42	1	1	76	117	37418	37540	1.18e-93	71.6
SOWgp82_Cocci_posadasii_published	422	scaffold_84	92.308	39	0	1	37	75	37257	37364	1.18e-93	70.5
SOWgp82_Cocci_posadasii_published	422	scaffold_84	95.745	47	2	0	212	258	37991	38131	1.18e-93	70.5
SOWgp82_Cocci_posadasii_published	422	scaffold_84	93.617	47	3	0	118	164	37597	37737	1.18e-93	67.0
SOWgp82_Cocci_posadasii_published	422	scaffold_84	93.617	47	3	0	165	211	37794	37934	1.18e-93	67.0
SOWgp82_Cocci_posadasii_published	422	scaffold_84	89.362	47	5	0	259	305	38188	38328	1.18e-93	65.9
SOWgp82_Cocci_posadasii_published	422	scaffold_84	97.222	36	1	0	1	36	37069	37176	1.18e-93	54.3
SOWgp82_Cocci_posadasii_published	422	scaffold_84	45.902	122	61	3	306	422	38188	38553	6.05e-69	75.5
SOWgp82_Cocci_posadasii_published	422	scaffold_84	95.745	47	2	0	212	258	37794	37934	6.05e-69	70.5
SOWgp82_Cocci_posadasii_published	422	scaffold_84	91.489	47	4	0	165	211	37597	37737	6.05e-69	65.9
SOWgp82_Cocci_posadasii_published	422	scaffold_84	89.362	47	5	0	259	305	37991	38131	6.05e-69	65.9
SOWgp82_Cocci_posadasii_published	422	scaffold_84	81.250	48	4	2	117	164	37412	37540	6.05e-69	65.5
SOWgp82_Cocci_posadasii_published	422	scaffold_84	49.153	118	53	3	306	419	37991	38335	2.10e-55	75.1
SOWgp82_Cocci_posadasii_published	422	scaffold_84	97.872	47	1	0	212	258	37597	37737	2.10e-55	72.0
SOWgp82_Cocci_posadasii_published	422	scaffold_84	89.362	47	5	0	259	305	37794	37934	2.10e-55	65.9
SOWgp82_Cocci_posadasii_published	422	scaffold_84	79.167	48	5	2	164	211	37412	37540	2.10e-55	63.9
SOWgp82_Cocci_posadasii_published	422	scaffold_84	95.745	47	2	0	212	258	38188	38328	3.60e-48	70.5
SOWgp82_Cocci_posadasii_published	422	scaffold_84	93.617	47	3	0	165	211	37991	38131	3.60e-48	67.0
SOWgp82_Cocci_posadasii_published	422	scaffold_84	91.489	47	4	0	118	164	37794	37934	3.60e-48	65.9
SOWgp82_Cocci_posadasii_published	422	scaffold_84	80.435	46	5	1	76	117	37600	37737	3.60e-48	49.3
SOWgp82_Cocci_posadasii_published	422	scaffold_84	49.153	118	53	3	306	419	37794	38138	1.42e-38	75.1
SOWgp82_Cocci_posadasii_published	422	scaffold_84	91.489	47	4	0	259	305	37597	37737	1.42e-38	67.0
SOWgp82_Cocci_posadasii_published	422	scaffold_84	77.083	48	6	2	211	258	37412	37540	1.42e-38	57.4
SOWgp82_Cocci_posadasii_published	422	scaffold_84	100.000	70	0	0	353	422	38385	38594	7.23e-37	144
SOWgp82_Cocci_posadasii_published	422	scaffold_84	93.617	47	3	0	165	211	38188	38328	7.54e-33	67.0
SOWgp82_Cocci_posadasii_published	422	scaffold_84	91.489	47	4	0	118	164	37991	38131	7.54e-33	65.9
SOWgp82_Cocci_posadasii_published	422	scaffold_84	78.261	46	6	1	76	117	37797	37934	7.54e-33	47.8
SOWgp82_Cocci_posadasii_published	422	scaffold_84	50.000	118	52	3	306	419	37597	37941	5.31e-28	78.2
SOWgp82_Cocci_posadasii_published	422	scaffold_84	81.250	48	4	2	258	305	37412	37540	5.31e-28	65.5
SOWgp82_Cocci_posadasii_published	422	scaffold_84	91.489	47	4	0	118	164	38188	38328	5.68e-19	65.9
SOWgp82_Cocci_posadasii_published	422	scaffold_84	78.261	46	6	1	76	117	37994	38131	5.68e-19	47.8
SOWgp82_Cocci_posadasii_published	422	scaffold_84	42.017	119	57	5	305	419	37412	37744	2.60e-10	63.2
