Cocci_immitis_RS_CIMG_04613	324	scaffold_2	55.502	209	52	4	153	324	4654465	4655079	2.08e-55	194
Cocci_immitis_RS_CIMG_04613	324	scaffold_2	97.872	47	1	0	161	207	4654674	4654814	1.19e-48	74.3
Cocci_immitis_RS_CIMG_04613	324	scaffold_2	76.000	50	9	1	37	83	4654322	4654471	1.19e-48	70.9
Cocci_immitis_RS_CIMG_04613	324	scaffold_2	97.222	36	1	0	1	36	4654134	4654241	1.19e-48	55.1
Cocci_immitis_RS_CIMG_04613	324	scaffold_2	81.250	48	5	1	113	160	4654486	4654617	1.19e-48	52.8
Cocci_immitis_RS_CIMG_04613	324	scaffold_2	100.000	47	0	0	114	160	4654674	4654814	7.01e-27	75.5
Cocci_immitis_RS_CIMG_04613	324	scaffold_2	72.881	59	15	1	56	113	4654441	4654617	7.01e-27	63.2
Cocci_immitis_RS_CIMG_04613	324	scaffold_2	97.872	47	1	0	208	254	4654674	4654814	2.04e-14	74.3
Cocci_immitis_RS_CIMG_04613	324	scaffold_2	80.435	46	4	2	73	113	4654677	4654814	5.08e-06	48.1
COCCIDIOIDES_IMMITIS_CIB10637_003943	371	scaffold_2	55.502	209	52	4	200	371	4654465	4655079	7.91e-55	194
COCCIDIOIDES_IMMITIS_CIB10637_003943	371	scaffold_2	97.872	47	1	0	161	207	4654674	4654814	2.35e-48	73.9
COCCIDIOIDES_IMMITIS_CIB10637_003943	371	scaffold_2	76.000	50	9	1	37	83	4654322	4654471	2.35e-48	70.9
COCCIDIOIDES_IMMITIS_CIB10637_003943	371	scaffold_2	97.222	36	1	0	1	36	4654134	4654241	2.35e-48	54.7
COCCIDIOIDES_IMMITIS_CIB10637_003943	371	scaffold_2	81.250	48	5	1	113	160	4654486	4654617	2.35e-48	52.4
COCCIDIOIDES_IMMITIS_CIB10637_003943	371	scaffold_2	100.000	47	0	0	114	160	4654674	4654814	1.08e-26	75.1
COCCIDIOIDES_IMMITIS_CIB10637_003943	371	scaffold_2	72.881	59	15	1	56	113	4654441	4654617	1.08e-26	63.2
COCCIDIOIDES_IMMITIS_CIB10637_003943	371	scaffold_2	97.872	47	1	0	208	254	4654674	4654814	1.06e-22	73.9
COCCIDIOIDES_IMMITIS_CIB10637_003943	371	scaffold_2	79.167	48	6	1	160	207	4654486	4654617	1.06e-22	51.2
COCCIDIOIDES_IMMITIS_CIB10637_003943	371	scaffold_2	97.872	47	1	0	255	301	4654674	4654814	4.88e-14	73.9
COCCIDIOIDES_IMMITIS_CIB10637_003943	371	scaffold_2	80.435	46	4	2	73	113	4654677	4654814	8.40e-06	47.8
COCCIDIOIDES_IMMITIS_CIB10992_003451	371	scaffold_2	55.502	209	52	4	200	371	4654465	4655079	7.91e-55	194
COCCIDIOIDES_IMMITIS_CIB10992_003451	371	scaffold_2	97.872	47	1	0	161	207	4654674	4654814	2.35e-48	73.9
COCCIDIOIDES_IMMITIS_CIB10992_003451	371	scaffold_2	76.000	50	9	1	37	83	4654322	4654471	2.35e-48	70.9
COCCIDIOIDES_IMMITIS_CIB10992_003451	371	scaffold_2	97.222	36	1	0	1	36	4654134	4654241	2.35e-48	54.7
COCCIDIOIDES_IMMITIS_CIB10992_003451	371	scaffold_2	81.250	48	5	1	113	160	4654486	4654617	2.35e-48	52.4
COCCIDIOIDES_IMMITIS_CIB10992_003451	371	scaffold_2	100.000	47	0	0	114	160	4654674	4654814	1.08e-26	75.1
COCCIDIOIDES_IMMITIS_CIB10992_003451	371	scaffold_2	72.881	59	15	1	56	113	4654441	4654617	1.08e-26	63.2
COCCIDIOIDES_IMMITIS_CIB10992_003451	371	scaffold_2	97.872	47	1	0	208	254	4654674	4654814	1.06e-22	73.9
COCCIDIOIDES_IMMITIS_CIB10992_003451	371	scaffold_2	79.167	48	6	1	160	207	4654486	4654617	1.06e-22	51.2
COCCIDIOIDES_IMMITIS_CIB10992_003451	371	scaffold_2	97.872	47	1	0	255	301	4654674	4654814	4.88e-14	73.9
COCCIDIOIDES_IMMITIS_CIB10992_003451	371	scaffold_2	80.435	46	4	2	73	113	4654677	4654814	8.40e-06	47.8
Coccidioides_posadasii_Silveira_QVM09276	328	scaffold_2	57.921	202	44	4	164	328	4654486	4655079	1.22e-57	201
Coccidioides_posadasii_Silveira_QVM09276	328	scaffold_2	100.000	39	0	0	37	75	4654322	4654438	9.21e-27	82.0
Coccidioides_posadasii_Silveira_QVM09276	328	scaffold_2	100.000	36	0	0	1	36	4654134	4654241	9.21e-27	56.2
Coccidioides_posadasii_Silveira_QVM09276	328	scaffold_2	95.745	47	2	0	118	164	4654674	4654814	3.05e-25	69.3
Coccidioides_posadasii_Silveira_QVM09276	328	scaffold_2	58.442	77	32	0	41	117	4654387	4654617	3.05e-25	64.3
Coccidioides_posadasii_Silveira_QVM09276	328	scaffold_2	95.745	47	2	0	165	211	4654674	4654814	7.43e-24	69.3
Coccidioides_posadasii_Silveira_QVM09276	328	scaffold_2	85.417	48	3	1	117	164	4654486	4654617	7.43e-24	59.7
Coccidioides_posadasii_Silveira_QVM09276	328	scaffold_2	97.872	47	1	0	212	258	4654674	4654814	1.77e-14	74.3
Coccidioides_posadasii_Silveira_QVM09276	328	scaffold_2	80.435	46	5	1	76	117	4654677	4654814	1.94e-06	49.7
Coccidioides_posadasii_Silveira_QVM10648_trunc	117	scaffold_1	100.000	83	0	0	19	101	6751792	6752040	1.97e-50	170
SOWgp58_Cocci_immitis_published	328	scaffold_2	57.921	202	44	4	164	328	4654486	4655079	1.22e-57	201
SOWgp58_Cocci_immitis_published	328	scaffold_2	100.000	39	0	0	37	75	4654322	4654438	9.21e-27	82.0
SOWgp58_Cocci_immitis_published	328	scaffold_2	100.000	36	0	0	1	36	4654134	4654241	9.21e-27	56.2
SOWgp58_Cocci_immitis_published	328	scaffold_2	95.745	47	2	0	118	164	4654674	4654814	3.05e-25	69.3
SOWgp58_Cocci_immitis_published	328	scaffold_2	58.442	77	32	0	41	117	4654387	4654617	3.05e-25	64.3
SOWgp58_Cocci_immitis_published	328	scaffold_2	95.745	47	2	0	165	211	4654674	4654814	7.43e-24	69.3
SOWgp58_Cocci_immitis_published	328	scaffold_2	85.417	48	3	1	117	164	4654486	4654617	7.43e-24	59.7
SOWgp58_Cocci_immitis_published	328	scaffold_2	97.872	47	1	0	212	258	4654674	4654814	1.77e-14	74.3
SOWgp58_Cocci_immitis_published	328	scaffold_2	80.435	46	5	1	76	117	4654677	4654814	1.94e-06	49.7
SOWgp66_Cocci_immitis_published	375	scaffold_2	57.921	202	44	4	211	375	4654486	4655079	3.59e-57	201
SOWgp66_Cocci_immitis_published	375	scaffold_2	82.000	50	9	0	37	86	4654322	4654471	1.41e-50	82.4
SOWgp66_Cocci_immitis_published	375	scaffold_2	95.745	47	2	0	165	211	4654674	4654814	1.41e-50	68.9
SOWgp66_Cocci_immitis_published	375	scaffold_2	100.000	36	0	0	1	36	4654134	4654241	1.41e-50	55.8
SOWgp66_Cocci_immitis_published	375	scaffold_2	81.250	48	5	1	117	164	4654486	4654617	1.41e-50	52.8
SOWgp66_Cocci_immitis_published	375	scaffold_2	100.000	47	0	0	118	164	4654674	4654814	6.72e-28	75.5
SOWgp66_Cocci_immitis_published	375	scaffold_2	59.740	77	31	0	41	117	4654387	4654617	6.72e-28	67.4
SOWgp66_Cocci_immitis_published	375	scaffold_2	95.745	47	2	0	212	258	4654674	4654814	1.49e-23	68.9
SOWgp66_Cocci_immitis_published	375	scaffold_2	85.417	48	3	1	164	211	4654486	4654617	1.49e-23	59.3
SOWgp66_Cocci_immitis_published	375	scaffold_2	100.000	47	0	0	259	305	4654674	4654814	1.65e-14	75.5
SOWgp66_Cocci_immitis_published	375	scaffold_2	82.609	46	4	1	76	117	4654677	4654814	3.65e-07	52.4
SOWgp82_Cocci_posadasii_published	422	scaffold_2	55.502	209	52	4	251	422	4654465	4655079	1.55e-54	195
SOWgp82_Cocci_posadasii_published	422	scaffold_2	100.000	39	0	0	37	75	4654322	4654438	1.86e-26	82.0
SOWgp82_Cocci_posadasii_published	422	scaffold_2	100.000	36	0	0	1	36	4654134	4654241	1.86e-26	55.8
SOWgp82_Cocci_posadasii_published	422	scaffold_2	93.617	47	3	0	118	164	4654674	4654814	1.35e-24	67.0
SOWgp82_Cocci_posadasii_published	422	scaffold_2	58.442	77	32	0	41	117	4654387	4654617	1.35e-24	64.3
SOWgp82_Cocci_posadasii_published	422	scaffold_2	97.872	47	1	0	212	258	4654674	4654814	1.38e-23	72.0
SOWgp82_Cocci_posadasii_published	422	scaffold_2	81.250	48	5	1	164	211	4654486	4654617	1.38e-23	56.2
SOWgp82_Cocci_posadasii_published	422	scaffold_2	91.489	47	4	0	165	211	4654674	4654814	3.66e-22	65.9
SOWgp82_Cocci_posadasii_published	422	scaffold_2	83.333	48	4	1	117	164	4654486	4654617	3.66e-22	57.8
SOWgp82_Cocci_posadasii_published	422	scaffold_2	91.489	47	4	0	259	305	4654674	4654814	3.90e-20	67.0
SOWgp82_Cocci_posadasii_published	422	scaffold_2	79.167	48	6	1	211	258	4654486	4654617	3.90e-20	49.3
SOWgp82_Cocci_posadasii_published	422	scaffold_2	97.872	47	1	0	306	352	4654674	4654814	8.36e-14	73.6
SOWgp82_Cocci_posadasii_published	422	scaffold_2	80.435	46	5	1	76	117	4654677	4654814	4.38e-06	49.3
