Cocci_immitis_RS_CIMG_04613	scaffold_2	100.000	62	0	0	263	324	2243959	2244144	7.30e-33	129
Cocci_immitis_RS_CIMG_04613	scaffold_2	63.855	83	0	2	20	72	2242665	2242913	1.06e-23	98.2
Cocci_immitis_RS_CIMG_04613	scaffold_2	100.000	13	0	0	73	85	2242967	2243005	1.06e-23	30.0
COCCIDIOIDES_IMMITIS_CIB10637_003943	scaffold_2	100.000	62	0	0	310	371	2243959	2244144	1.20e-32	129
COCCIDIOIDES_IMMITIS_CIB10637_003943	scaffold_2	63.855	83	0	2	20	72	2242665	2242913	7.47e-24	99.0
COCCIDIOIDES_IMMITIS_CIB10637_003943	scaffold_2	100.000	13	0	0	73	85	2242967	2243005	7.47e-24	29.6
COCCIDIOIDES_IMMITIS_CIB10992_003451	scaffold_2	100.000	62	0	0	310	371	2243959	2244144	1.20e-32	129
COCCIDIOIDES_IMMITIS_CIB10992_003451	scaffold_2	63.855	83	0	2	20	72	2242665	2242913	7.47e-24	99.0
COCCIDIOIDES_IMMITIS_CIB10992_003451	scaffold_2	100.000	13	0	0	73	85	2242967	2243005	7.47e-24	29.6
Coccidioides_posadasii_Silveira_QVM09276	scaffold_2	100.000	62	0	0	267	328	2243959	2244144	1.04e-32	128
Coccidioides_posadasii_Silveira_QVM09276	scaffold_2	67.470	83	0	1	20	75	2242665	2242913	2.87e-26	109
Coccidioides_posadasii_Silveira_QVM09276	scaffold_2	92.308	13	1	0	76	88	2242967	2243005	2.87e-26	27.3
Coccidioides_posadasii_Silveira_QVM10648_trunc	scaffold_1	98.795	83	1	0	19	101	1124681	1124433	1.05e-49	168
SOWgp58_Cocci_immitis_published	scaffold_2	100.000	62	0	0	267	328	2243959	2244144	1.04e-32	128
SOWgp58_Cocci_immitis_published	scaffold_2	67.470	83	0	1	20	75	2242665	2242913	2.87e-26	109
SOWgp58_Cocci_immitis_published	scaffold_2	92.308	13	1	0	76	88	2242967	2243005	2.87e-26	27.3
SOWgp66_Cocci_immitis_published	scaffold_2	98.387	62	1	0	314	375	2243959	2244144	4.91e-32	127
SOWgp66_Cocci_immitis_published	scaffold_2	67.470	83	0	1	20	75	2242665	2242913	3.83e-27	110
SOWgp66_Cocci_immitis_published	scaffold_2	100.000	13	0	0	76	88	2242967	2243005	3.83e-27	29.6
SOWgp82_Cocci_posadasii_published	scaffold_2	100.000	62	0	0	361	422	2243959	2244144	3.04e-32	129
SOWgp82_Cocci_posadasii_published	scaffold_2	67.470	83	0	1	20	75	2242665	2242913	3.10e-26	110
SOWgp82_Cocci_posadasii_published	scaffold_2	92.308	13	1	0	76	88	2242967	2243005	3.10e-26	26.6
