Cocci_immitis_RS_CIMG_04613	scaffold_84	100.000	62	0	0	263	324	38409	38594	1.06e-32	129
Cocci_immitis_RS_CIMG_04613	scaffold_84	100.000	36	0	0	37	72	37257	37364	5.78e-24	78.6
Cocci_immitis_RS_CIMG_04613	scaffold_84	100.000	17	0	0	20	36	37126	37176	5.78e-24	40.8
Cocci_immitis_RS_CIMG_04613	scaffold_84	100.000	13	0	0	73	85	37418	37456	5.78e-24	30.0
Cocci_immitis_RS_CIMG_04613	scaffold_2	98.387	62	1	0	263	324	4406546	4406731	3.04e-32	127
Cocci_immitis_RS_CIMG_04613	scaffold_2	92.308	39	0	1	37	72	4405387	4405503	1.74e-22	73.6
Cocci_immitis_RS_CIMG_04613	scaffold_2	100.000	17	0	0	20	36	4405256	4405306	1.74e-22	40.8
Cocci_immitis_RS_CIMG_04613	scaffold_2	100.000	13	0	0	73	85	4405557	4405595	1.74e-22	30.0
COCCIDIOIDES_IMMITIS_CIB10637_003943	scaffold_84	100.000	62	0	0	310	371	38409	38594	1.75e-32	129
COCCIDIOIDES_IMMITIS_CIB10637_003943	scaffold_84	100.000	36	0	0	37	72	37257	37364	5.06e-24	79.0
COCCIDIOIDES_IMMITIS_CIB10637_003943	scaffold_84	100.000	17	0	0	20	36	37126	37176	5.06e-24	41.2
COCCIDIOIDES_IMMITIS_CIB10637_003943	scaffold_84	100.000	13	0	0	73	85	37418	37456	5.06e-24	29.6
COCCIDIOIDES_IMMITIS_CIB10637_003943	scaffold_2	98.387	62	1	0	310	371	4406546	4406731	4.96e-32	128
COCCIDIOIDES_IMMITIS_CIB10637_003943	scaffold_2	92.308	39	0	1	37	72	4405387	4405503	1.52e-22	73.9
COCCIDIOIDES_IMMITIS_CIB10637_003943	scaffold_2	100.000	17	0	0	20	36	4405256	4405306	1.52e-22	41.2
COCCIDIOIDES_IMMITIS_CIB10637_003943	scaffold_2	100.000	13	0	0	73	85	4405557	4405595	1.52e-22	29.6
COCCIDIOIDES_IMMITIS_CIB10992_003451	scaffold_84	100.000	62	0	0	310	371	38409	38594	1.75e-32	129
COCCIDIOIDES_IMMITIS_CIB10992_003451	scaffold_84	100.000	36	0	0	37	72	37257	37364	5.06e-24	79.0
COCCIDIOIDES_IMMITIS_CIB10992_003451	scaffold_84	100.000	17	0	0	20	36	37126	37176	5.06e-24	41.2
COCCIDIOIDES_IMMITIS_CIB10992_003451	scaffold_84	100.000	13	0	0	73	85	37418	37456	5.06e-24	29.6
COCCIDIOIDES_IMMITIS_CIB10992_003451	scaffold_2	98.387	62	1	0	310	371	4406546	4406731	4.96e-32	128
COCCIDIOIDES_IMMITIS_CIB10992_003451	scaffold_2	92.308	39	0	1	37	72	4405387	4405503	1.52e-22	73.9
COCCIDIOIDES_IMMITIS_CIB10992_003451	scaffold_2	100.000	17	0	0	20	36	4405256	4405306	1.52e-22	41.2
COCCIDIOIDES_IMMITIS_CIB10992_003451	scaffold_2	100.000	13	0	0	73	85	4405557	4405595	1.52e-22	29.6
Coccidioides_posadasii_Silveira_QVM09276	scaffold_84	100.000	62	0	0	267	328	38409	38594	1.51e-32	128
Coccidioides_posadasii_Silveira_QVM09276	scaffold_84	92.308	39	0	1	37	75	37257	37364	1.37e-21	73.2
Coccidioides_posadasii_Silveira_QVM09276	scaffold_84	100.000	17	0	0	20	36	37126	37176	1.37e-21	40.8
Coccidioides_posadasii_Silveira_QVM09276	scaffold_84	92.308	13	1	0	76	88	37418	37456	1.37e-21	27.3
Coccidioides_posadasii_Silveira_QVM09276	scaffold_2	98.387	62	1	0	267	328	4406546	4406731	4.68e-32	127
Coccidioides_posadasii_Silveira_QVM09276	scaffold_2	100.000	39	0	0	37	75	4405387	4405503	6.40e-25	84.3
Coccidioides_posadasii_Silveira_QVM09276	scaffold_2	100.000	17	0	0	20	36	4405256	4405306	6.40e-25	40.8
Coccidioides_posadasii_Silveira_QVM09276	scaffold_2	92.308	13	1	0	76	88	4405557	4405595	6.40e-25	27.3
Coccidioides_posadasii_Silveira_QVM10648_trunc	scaffold_31	93.939	99	6	0	19	117	19044	18748	7.91e-58	192
Coccidioides_posadasii_Silveira_QVM10648_trunc	scaffold_5	100.000	83	0	0	19	101	1129290	1129042	2.81e-50	170
SOWgp58_Cocci_immitis_published	scaffold_84	100.000	62	0	0	267	328	38409	38594	1.51e-32	128
SOWgp58_Cocci_immitis_published	scaffold_84	92.308	39	0	1	37	75	37257	37364	1.37e-21	73.2
SOWgp58_Cocci_immitis_published	scaffold_84	100.000	17	0	0	20	36	37126	37176	1.37e-21	40.8
SOWgp58_Cocci_immitis_published	scaffold_84	92.308	13	1	0	76	88	37418	37456	1.37e-21	27.3
SOWgp58_Cocci_immitis_published	scaffold_2	98.387	62	1	0	267	328	4406546	4406731	4.68e-32	127
SOWgp58_Cocci_immitis_published	scaffold_2	100.000	39	0	0	37	75	4405387	4405503	6.40e-25	84.3
SOWgp58_Cocci_immitis_published	scaffold_2	100.000	17	0	0	20	36	4405256	4405306	6.40e-25	40.8
SOWgp58_Cocci_immitis_published	scaffold_2	92.308	13	1	0	76	88	4405557	4405595	6.40e-25	27.3
SOWgp66_Cocci_immitis_published	scaffold_2	100.000	62	0	0	314	375	4406546	4406731	1.57e-32	129
SOWgp66_Cocci_immitis_published	scaffold_2	100.000	39	0	0	37	75	4405387	4405503	9.95e-26	84.7
SOWgp66_Cocci_immitis_published	scaffold_2	100.000	17	0	0	20	36	4405256	4405306	9.95e-26	41.2
SOWgp66_Cocci_immitis_published	scaffold_2	100.000	13	0	0	76	88	4405557	4405595	9.95e-26	29.6
SOWgp66_Cocci_immitis_published	scaffold_84	98.387	62	1	0	314	375	38409	38594	7.14e-32	127
SOWgp66_Cocci_immitis_published	scaffold_84	92.308	39	0	1	37	75	37257	37364	2.15e-22	73.6
SOWgp66_Cocci_immitis_published	scaffold_84	100.000	17	0	0	20	36	37126	37176	2.15e-22	41.2
SOWgp66_Cocci_immitis_published	scaffold_84	100.000	13	0	0	76	88	37418	37456	2.15e-22	29.6
SOWgp82_Cocci_posadasii_published	scaffold_84	100.000	62	0	0	361	422	38409	38594	4.41e-32	129
SOWgp82_Cocci_posadasii_published	scaffold_84	92.308	39	0	1	37	75	37257	37364	1.79e-21	73.6
SOWgp82_Cocci_posadasii_published	scaffold_84	100.000	17	0	0	20	36	37126	37176	1.79e-21	41.2
SOWgp82_Cocci_posadasii_published	scaffold_84	92.308	13	1	0	76	88	37418	37456	1.79e-21	26.6
SOWgp82_Cocci_posadasii_published	scaffold_2	98.387	62	1	0	361	422	4406546	4406731	1.26e-31	128
SOWgp82_Cocci_posadasii_published	scaffold_2	100.000	39	0	0	37	75	4405387	4405503	7.90e-25	85.1
SOWgp82_Cocci_posadasii_published	scaffold_2	100.000	17	0	0	20	36	4405256	4405306	7.90e-25	41.2
SOWgp82_Cocci_posadasii_published	scaffold_2	92.308	13	1	0	76	88	4405557	4405595	7.90e-25	26.6
